Archive member included because of file (symbol)

C:\Dropbox\Work\Programming\Eclipseworkspace\ArduinoUnoCore\328P_16MHz\libArduinoUnoCore.a(malloc.o)
                              ./arduinolib/File.o (malloc)
C:\Dropbox\Work\Programming\Eclipseworkspace\ArduinoUnoCore\328P_16MHz\libArduinoUnoCore.a(HardwareSerial.o)
                              ./src/WaterMeterMain.o (Serial)
C:\Dropbox\Work\Programming\Eclipseworkspace\ArduinoUnoCore\328P_16MHz\libArduinoUnoCore.a(Print.o)
                              ./arduinolib/utility/SdFile.o (Print::write(unsigned char const*, unsigned int))
C:\Dropbox\Work\Programming\Eclipseworkspace\ArduinoUnoCore\328P_16MHz\libArduinoUnoCore.a(WString.o)
                              C:\Dropbox\Work\Programming\Eclipseworkspace\ArduinoUnoCore\328P_16MHz\libArduinoUnoCore.a(Print.o) (String::operator[](unsigned int) const)
C:\Dropbox\Work\Programming\Eclipseworkspace\ArduinoUnoCore\328P_16MHz\libArduinoUnoCore.a(main.o)
                              c:/arduino/hardware/tools/avr/bin/../lib/gcc/avr/4.3.2/../../../../avr/lib/avr5/crtm328p.o (main)
C:\Dropbox\Work\Programming\Eclipseworkspace\ArduinoUnoCore\328P_16MHz\libArduinoUnoCore.a(wiring.o)
                              ./lib/Time.o (millis)
C:\Dropbox\Work\Programming\Eclipseworkspace\ArduinoUnoCore\328P_16MHz\libArduinoUnoCore.a(wiring_digital.o)
                              ./src/WaterMeterMain.o (pinMode)
C:\Dropbox\Work\Programming\Eclipseworkspace\ArduinoUnoCore\328P_16MHz\libArduinoUnoCore.a(realloc.o)
                              C:\Dropbox\Work\Programming\Eclipseworkspace\ArduinoUnoCore\328P_16MHz\libArduinoUnoCore.a(WString.o) (realloc)
c:/arduino/hardware/tools/avr/bin/../lib/gcc/avr/4.3.2/avr5\libgcc.a(_mulsi3.o)
                              ./lib/Time.o (__mulsi3)
c:/arduino/hardware/tools/avr/bin/../lib/gcc/avr/4.3.2/avr5\libgcc.a(_udivmodqi4.o)
                              ./lib/ds3234.o (__udivmodqi4)
c:/arduino/hardware/tools/avr/bin/../lib/gcc/avr/4.3.2/avr5\libgcc.a(_divmodhi4.o)
                              ./lib/Time.o (__divmodhi4)
c:/arduino/hardware/tools/avr/bin/../lib/gcc/avr/4.3.2/avr5\libgcc.a(_udivmodsi4.o)
                              ./lib/Time.o (__udivmodsi4)
c:/arduino/hardware/tools/avr/bin/../lib/gcc/avr/4.3.2/avr5\libgcc.a(_exit.o)
                              c:/arduino/hardware/tools/avr/bin/../lib/gcc/avr/4.3.2/../../../../avr/lib/avr5/crtm328p.o (exit)
c:/arduino/hardware/tools/avr/bin/../lib/gcc/avr/4.3.2/avr5\libgcc.a(_copy_data.o)
                              ./src/WaterMeterMain.o (__do_copy_data)
c:/arduino/hardware/tools/avr/bin/../lib/gcc/avr/4.3.2/avr5\libgcc.a(_clear_bss.o)
                              ./src/WaterMeterMain.o (__do_clear_bss)
c:/arduino/hardware/tools/avr/bin/../lib/gcc/avr/4.3.2/avr5\libgcc.a(_ctors.o)
                              ./src/WaterMeterMain.o (__do_global_ctors)
c:/arduino/hardware/tools/avr/bin/../lib/gcc/avr/4.3.2/avr5\libgcc.a(_dtors.o)
                              ./src/WaterMeterMain.o (__do_global_dtors)
c:/arduino/hardware/tools/avr/bin/../lib/gcc/avr/4.3.2/avr5\libgcc.a(_fixunssfsi.o)
                              C:\Dropbox\Work\Programming\Eclipseworkspace\ArduinoUnoCore\328P_16MHz\libArduinoUnoCore.a(Print.o) (__fixunssfsi)
c:/arduino/hardware/tools/avr/bin/../lib/gcc/avr/4.3.2/avr5\libgcc.a(_addsub_sf.o)
                              C:\Dropbox\Work\Programming\Eclipseworkspace\ArduinoUnoCore\328P_16MHz\libArduinoUnoCore.a(Print.o) (__subsf3)
c:/arduino/hardware/tools/avr/bin/../lib/gcc/avr/4.3.2/avr5\libgcc.a(_mul_sf.o)
                              ./lib/ds3234.o (__mulsf3)
c:/arduino/hardware/tools/avr/bin/../lib/gcc/avr/4.3.2/avr5\libgcc.a(_div_sf.o)
                              C:\Dropbox\Work\Programming\Eclipseworkspace\ArduinoUnoCore\328P_16MHz\libArduinoUnoCore.a(Print.o) (__divsf3)
c:/arduino/hardware/tools/avr/bin/../lib/gcc/avr/4.3.2/avr5\libgcc.a(_gt_sf.o)
                              C:\Dropbox\Work\Programming\Eclipseworkspace\ArduinoUnoCore\328P_16MHz\libArduinoUnoCore.a(Print.o) (__gtsf2)
c:/arduino/hardware/tools/avr/bin/../lib/gcc/avr/4.3.2/avr5\libgcc.a(_ge_sf.o)
                              c:/arduino/hardware/tools/avr/bin/../lib/gcc/avr/4.3.2/avr5\libgcc.a(_fixunssfsi.o) (__gesf2)
c:/arduino/hardware/tools/avr/bin/../lib/gcc/avr/4.3.2/avr5\libgcc.a(_lt_sf.o)
                              C:\Dropbox\Work\Programming\Eclipseworkspace\ArduinoUnoCore\328P_16MHz\libArduinoUnoCore.a(Print.o) (__ltsf2)
c:/arduino/hardware/tools/avr/bin/../lib/gcc/avr/4.3.2/avr5\libgcc.a(_le_sf.o)
                              C:\Dropbox\Work\Programming\Eclipseworkspace\ArduinoUnoCore\328P_16MHz\libArduinoUnoCore.a(Print.o) (__lesf2)
c:/arduino/hardware/tools/avr/bin/../lib/gcc/avr/4.3.2/avr5\libgcc.a(_unord_sf.o)
                              C:\Dropbox\Work\Programming\Eclipseworkspace\ArduinoUnoCore\328P_16MHz\libArduinoUnoCore.a(Print.o) (__unordsf2)
[...]
Memory Configuration

Name             Origin             Length             Attributes
text             0x00000000         0x00020000         xr
data             0x00800060         0x0000ffa0         rw !x
eeprom           0x00810000         0x00010000         rw !x
fuse             0x00820000         0x00000400         rw !x
lock             0x00830000         0x00000400         rw !x
signature        0x00840000         0x00000400         rw !x
*default*        0x00000000         0xffffffff

Linker script and memory map

Address of section .data set to 0x800100
LOAD c:/arduino/hardware/tools/avr/bin/../lib/gcc/avr/4.3.2/../../../../avr/lib/avr5/crtm328p.o
LOAD ./src/WaterMeterMain.o
LOAD ./src/pure_virtual.o
LOAD ./lib/LowPower.o
LOAD ./lib/Time.o
LOAD ./lib/ds3234.o
LOAD ./arduinolib/utility/Sd2Card.o
LOAD ./arduinolib/utility/SdFile.o
LOAD ./arduinolib/utility/SdVolume.o
LOAD ./arduinolib/EEPROM.o
LOAD ./arduinolib/File.o
LOAD ./arduinolib/SD.o
LOAD ./arduinolib/SPI.o
LOAD C:\Dropbox\Work\Programming\Eclipseworkspace\ArduinoUnoCore\328P_16MHz\libArduinoUnoCore.a
LOAD c:/arduino/hardware/tools/avr/bin/../lib/gcc/avr/4.3.2/avr5\libgcc.a
LOAD c:/arduino/hardware/tools/avr/bin/../lib/gcc/avr/4.3.2/../../../../avr/lib/avr5\libm.a
LOAD c:/arduino/hardware/tools/avr/bin/../lib/gcc/avr/4.3.2/avr5\libgcc.a
LOAD c:/arduino/hardware/tools/avr/bin/../lib/gcc/avr/4.3.2/../../../../avr/lib/avr5\libc.a
LOAD c:/arduino/hardware/tools/avr/bin/../lib/gcc/avr/4.3.2/avr5\libgcc.a

.hash
 *(.hash)

.dynsym
 *(.dynsym)

.dynstr
 *(.dynstr)

.gnu.version
 *(.gnu.version)

.gnu.version_d
 *(.gnu.version_d)

.gnu.version_r
 *(.gnu.version_r)

.rel.init
 *(.rel.init)

.rela.init
 *(.rela.init)

.rel.text
 *(.rel.text)
 *(.rel.text.*)
 *(.rel.gnu.linkonce.t*)

.rela.text
 *(.rela.text)
 *(.rela.text.*)
 *(.rela.gnu.linkonce.t*)

.rel.fini
 *(.rel.fini)

.rela.fini
 *(.rela.fini)

.rel.rodata
 *(.rel.rodata)
 *(.rel.rodata.*)
 *(.rel.gnu.linkonce.r*)

.rela.rodata
 *(.rela.rodata)
 *(.rela.rodata.*)
 *(.rela.gnu.linkonce.r*)

.rel.data
 *(.rel.data)
 *(.rel.data.*)
 *(.rel.gnu.linkonce.d*)

.rela.data
 *(.rela.data)
 *(.rela.data.*)
 *(.rela.gnu.linkonce.d*)

.rel.ctors
 *(.rel.ctors)

.rela.ctors
 *(.rela.ctors)

.rel.dtors
 *(.rel.dtors)

.rela.dtors
 *(.rela.dtors)

.rel.got
 *(.rel.got)

.rela.got
 *(.rela.got)

.rel.bss
 *(.rel.bss)

.rela.bss
 *(.rela.bss)

.rel.plt
 *(.rel.plt)

.rela.plt
 *(.rela.plt)

.text           0x00000000     0x4240
 *(.vectors)
 .vectors       0x00000000       0x68 c:/arduino/hardware/tools/avr/bin/../lib/gcc/avr/4.3.2/../../../../avr/lib/avr5/crtm328p.o
                0x00000000                __vectors
                0x00000000                __vector_default
 *(.vectors)
 *(.progmem.gcc*)
 *(.progmem*)
 .progmem.data  0x00000068       0x10 ./arduinolib/utility/SdFile.o
 .progmem.data  0x00000078       0x5a C:\Dropbox\Work\Programming\Eclipseworkspace\ArduinoUnoCore\328P_16MHz\libArduinoUnoCore.a(wiring_digital.o)
                0x00000078                port_to_mode_PGM
                0x00000096                digital_pin_to_port_PGM
                0x000000aa                digital_pin_to_bit_mask_PGM
                0x00000082                port_to_output_PGM
                0x0000008c                port_to_input_PGM
                0x000000be                digital_pin_to_timer_PGM
                0x000000d2                . = ALIGN (0x2)
                0x000000d2                __trampolines_start = .
 *(.trampolines)
 .trampolines   0x000000d2        0x0 linker stubs
 *(.trampolines*)
                0x000000d2                __trampolines_end = .
 *(.jumptables)
 *(.jumptables*)
 *(.lowtext)
 *(.lowtext*)
                0x000000d2                __ctors_start = .
 *(.ctors)
 .ctors         0x000000d2        0x2 ./src/WaterMeterMain.o
 .ctors         0x000000d4        0x2 ./arduinolib/SD.o
 .ctors         0x000000d6        0x2 C:\Dropbox\Work\Programming\Eclipseworkspace\ArduinoUnoCore\328P_16MHz\libArduinoUnoCore.a(HardwareSerial.o)
                0x000000d8                __ctors_end = .
                0x000000d8                __dtors_start = .
 *(.dtors)
 .dtors         0x000000d8        0x2 ./src/WaterMeterMain.o
                0x000000da                __dtors_end = .
 SORT(*)(.ctors)
 SORT(*)(.dtors)
 *(.init0)
 .init0         0x000000da        0x0 c:/arduino/hardware/tools/avr/bin/../lib/gcc/avr/4.3.2/../../../../avr/lib/avr5/crtm328p.o
                0x000000da                __init
 *(.init0)
 *(.init1)
 *(.init1)
 *(.init2)
 .init2         0x000000da        0xc c:/arduino/hardware/tools/avr/bin/../lib/gcc/avr/4.3.2/../../../../avr/lib/avr5/crtm328p.o
 *(.init2)
 *(.init3)
 *(.init3)
 *(.init4)
 .init4         0x000000e6       0x16 c:/arduino/hardware/tools/avr/bin/../lib/gcc/avr/4.3.2/avr5\libgcc.a(_copy_data.o)
                0x000000e6                __do_copy_data
 .init4         0x000000fc       0x10 c:/arduino/hardware/tools/avr/bin/../lib/gcc/avr/4.3.2/avr5\libgcc.a(_clear_bss.o)
                0x000000fc                __do_clear_bss
 *(.init4)
 *(.init5)
 *(.init5)
 *(.init6)
 .init6         0x0000010c       0x16 c:/arduino/hardware/tools/avr/bin/../lib/gcc/avr/4.3.2/avr5\libgcc.a(_ctors.o)
                0x0000010c                __do_global_ctors
 *(.init6)
 *(.init7)
 *(.init7)
 *(.init8)
 *(.init8)
 *(.init9)
 .init9         0x00000122        0x8 c:/arduino/hardware/tools/avr/bin/../lib/gcc/avr/4.3.2/../../../../avr/lib/avr5/crtm328p.o
 *(.init9)
 *(.text)
 .text          0x0000012a        0x2 c:/arduino/hardware/tools/avr/bin/../lib/gcc/avr/4.3.2/../../../../avr/lib/avr5/crtm328p.o
                0x0000012a                __vector_22
                0x0000012a                __vector_1
                0x0000012a                __vector_24
                0x0000012a                __vector_12
                0x0000012a                __bad_interrupt
                0x0000012a                __vector_3
                0x0000012a                __vector_23
                0x0000012a                __vector_25
                0x0000012a                __vector_11
                0x0000012a                __vector_13
                0x0000012a                __vector_17
                0x0000012a                __vector_7
                0x0000012a                __vector_5
                0x0000012a                __vector_4
                0x0000012a                __vector_9
                0x0000012a                __vector_2
                0x0000012a                __vector_21
                0x0000012a                __vector_15
                0x0000012a                __vector_8
                0x0000012a                __vector_14
                0x0000012a                __vector_10
                0x0000012a                __vector_20
 .text          0x0000012c       0x1a c:/arduino/hardware/tools/avr/bin/../lib/gcc/avr/4.3.2/../../../../avr/lib/avr5\libc.a(memcmp.o)
                0x0000012c                memcmp
 .text          0x00000146       0x16 c:/arduino/hardware/tools/avr/bin/../lib/gcc/avr/4.3.2/../../../../avr/lib/avr5\libc.a(strchr.o)
                0x00000146                strchr
 .text          0x0000015c        0xe c:/arduino/hardware/tools/avr/bin/../lib/gcc/avr/4.3.2/../../../../avr/lib/avr5\libc.a(strcpy.o)
                0x0000015c                strcpy
 .text          0x0000016a       0x1e c:/arduino/hardware/tools/avr/bin/../lib/gcc/avr/4.3.2/../../../../avr/lib/avr5\libc.a(strncpy.o)
                0x0000016a                strncpy
 .text          0x00000188       0x46 c:/arduino/hardware/tools/avr/bin/../lib/gcc/avr/4.3.2/../../../../avr/lib/avr5\libc.a(sprintf.o)
                0x00000188                sprintf
 .text          0x000001ce      0x3a0 c:/arduino/hardware/tools/avr/bin/../lib/gcc/avr/4.3.2/../../../../avr/lib/avr5\libc.a(vfprintf_std.o)
                0x000001ce                vfprintf
 .text          0x0000056e       0x16 c:/arduino/hardware/tools/avr/bin/../lib/gcc/avr/4.3.2/../../../../avr/lib/avr5\libc.a(strnlen_P.o)
                0x0000056e                strnlen_P
 .text          0x00000584       0x16 c:/arduino/hardware/tools/avr/bin/../lib/gcc/avr/4.3.2/../../../../avr/lib/avr5\libc.a(strnlen.o)
                0x00000584                strnlen
 .text          0x0000059a       0x58 c:/arduino/hardware/tools/avr/bin/../lib/gcc/avr/4.3.2/../../../../avr/lib/avr5\libc.a(fputc.o)
                0x0000059a                fputc
 .text          0x000005f2       0xbc c:/arduino/hardware/tools/avr/bin/../lib/gcc/avr/4.3.2/../../../../avr/lib/avr5\libc.a(ultoa_invert.o)
                0x000005f2                __ultoa_invert
                0x000006ae                . = ALIGN (0x2)
 *(.text.*)
 .text._Z41__static_initialization_and_destruction_0ii
                0x000006ae       0x28 ./src/WaterMeterMain.o
 .text._GLOBAL__D_logFile
                0x000006d6        0xa ./src/WaterMeterMain.o
 .text._GLOBAL__I_logFile
                0x000006e0        0xa ./src/WaterMeterMain.o
 .text._ZL9printTimev
                0x000006ea       0xc0 ./src/WaterMeterMain.o
 .text._ZL9openValvev
                0x000007aa       0x64 ./src/WaterMeterMain.o
 .text._ZL10closeValvev
                0x0000080e       0x64 ./src/WaterMeterMain.o
 .text._ZL10reportLeakv
                0x00000872       0x46 ./src/WaterMeterMain.o
 .text._ZL8clearLogv
                0x000008b8       0xe8 ./src/WaterMeterMain.o
 .text._ZL11resetSystemv
                0x000009a0       0x5a ./src/WaterMeterMain.o
 .text.loop     0x000009fa       0xfa ./src/WaterMeterMain.o
                0x000009fa                loop
 .text.setup    0x00000af4       0x98 ./src/WaterMeterMain.o
                0x00000af4                setup
 .text.__vector_6
                0x00000b8c       0x28 ./lib/LowPower.o
                0x00000b8c                __vector_6
 .text._Z10DS3234_gethP2ts
                0x00000bb4      0x104 ./lib/ds3234.o
                0x00000bb4                DS3234_get(unsigned char, ts*)
 .text._Z10DS3234_endv
                0x00000cb8       0x16 ./lib/ds3234.o
                0x00000cb8                DS3234_end()
 .text._Z11DS3234_inith
                0x00000cce       0x22 ./lib/ds3234.o
                0x00000cce                DS3234_init(unsigned char)
 .text._ZN7Sd2Card10setSckRateEh
                0x00000cf0       0x4a ./arduinolib/utility/Sd2Card.o
                0x00000cf0                Sd2Card::setSckRate(unsigned char)
 .text._ZN7Sd2Card11waitNotBusyEj
                0x00000d3a       0x44 ./arduinolib/utility/Sd2Card.o
                0x00000d3a                Sd2Card::waitNotBusy(unsigned int)
 .text._ZN7Sd2Card13chipSelectLowEv
                0x00000d7e        0xa ./arduinolib/utility/Sd2Card.o
                0x00000d7e                Sd2Card::chipSelectLow()
 .text._ZN7Sd2Card14chipSelectHighEv
                0x00000d88        0xa ./arduinolib/utility/Sd2Card.o
                0x00000d88                Sd2Card::chipSelectHigh()
 .text._ZN7Sd2Card9writeDataEhPKh
                0x00000d92       0x72 ./arduinolib/utility/Sd2Card.o
                0x00000d92                Sd2Card::writeData(unsigned char, unsigned char const*)
 .text._ZN7Sd2Card14waitStartBlockEv
                0x00000e04       0x58 ./arduinolib/utility/Sd2Card.o
                0x00000e04                Sd2Card::waitStartBlock()
 .text._ZN7Sd2Card7readEndEv
                0x00000e5c       0x44 ./arduinolib/utility/Sd2Card.o
                0x00000e5c                Sd2Card::readEnd()
 .text._ZN7Sd2Card11cardCommandEhm
                0x00000ea0       0xa0 ./arduinolib/utility/Sd2Card.o
                0x00000ea0                Sd2Card::cardCommand(unsigned char, unsigned long)
 .text._ZN7Sd2Card10writeBlockEmPKh
                0x00000f40       0xae ./arduinolib/utility/Sd2Card.o
                0x00000f40                Sd2Card::writeBlock(unsigned long, unsigned char const*)
 .text._ZN7Sd2Card8readDataEmjjPh
                0x00000fee      0x132 ./arduinolib/utility/Sd2Card.o
                0x00000fee                Sd2Card::readData(unsigned long, unsigned int, unsigned int, unsigned char*)
 .text._ZN7Sd2Card9readBlockEmPh
                0x00001120       0x1e ./arduinolib/utility/Sd2Card.o
                0x00001120                Sd2Card::readBlock(unsigned long, unsigned char*)
 .text._ZN7Sd2Card4initEhh
                0x0000113e      0x192 ./arduinolib/utility/Sd2Card.o
                0x0000113e                Sd2Card::init(unsigned char, unsigned char)
 .text._ZN6SdFile10make83NameEPKcPh
                0x000012d0       0x82 ./arduinolib/utility/SdFile.o
                0x000012d0                SdFile::make83Name(char const*, unsigned char*)
 .text._ZN6SdFile7seekSetEm
                0x00001352      0x152 ./arduinolib/utility/SdFile.o
                0x00001352                SdFile::seekSet(unsigned long)
 .text._ZN6SdFile13cacheDirEntryEh
                0x000014a4       0x38 ./arduinolib/utility/SdFile.o
                0x000014a4                SdFile::cacheDirEntry(unsigned char)
 .text._ZN6SdFile4syncEv
                0x000014dc       0x90 ./arduinolib/utility/SdFile.o
                0x000014dc                SdFile::sync()
 .text._ZN6SdFile5closeEv
                0x0000156c       0x16 ./arduinolib/utility/SdFile.o
                0x0000156c                SdFile::close()
 .text._ZN6SdFile8truncateEm
                0x00001582      0x18e ./arduinolib/utility/SdFile.o
                0x00001582                SdFile::truncate(unsigned long)
 .text._ZN6SdFile6removeEv
                0x00001710       0x32 ./arduinolib/utility/SdFile.o
                0x00001710                SdFile::remove()
 .text._ZN6SdFile4readEPvj
                0x00001742      0x224 ./arduinolib/utility/SdFile.o
                0x00001742                SdFile::read(void*, unsigned int)
 .text._ZN6SdFile12readDirCacheEv
                0x00001966       0x92 ./arduinolib/utility/SdFile.o
                0x00001966                SdFile::readDirCache()
 .text._ZN6SdFile8openRootEP8SdVolume
                0x000019f8       0xa0 ./arduinolib/utility/SdFile.o
                0x000019f8                SdFile::openRoot(SdVolume*)
 .text._ZN6SdFile15openCachedEntryEhh
                0x00001a98       0xd8 ./arduinolib/utility/SdFile.o
                0x00001a98                SdFile::openCachedEntry(unsigned char, unsigned char)
 .text._ZN6SdFile10addClusterEv
                0x00001b70       0x4c ./arduinolib/utility/SdFile.o
                0x00001b70                SdFile::addCluster()
 .text._ZN6SdFile5writeEPKvj
                0x00001bbc      0x362 ./arduinolib/utility/SdFile.o
                0x00001bbc                SdFile::write(void const*, unsigned int)
 .text._ZN6SdFile5writeEh
                0x00001f1e       0x20 ./arduinolib/utility/SdFile.o
                0x00001f1e                SdFile::write(unsigned char)
 .text._ZN6SdFile13addDirClusterEv
                0x00001f3e       0xc4 ./arduinolib/utility/SdFile.o
                0x00001f3e                SdFile::addDirCluster()
 .text._ZN6SdFile4openEPS_PKch
                0x00002002      0x202 ./arduinolib/utility/SdFile.o
                0x00002002                SdFile::open(SdFile*, char const*, unsigned char)
 .text._ZN6SdFile6removeEPS_PKc
                0x00002204       0x56 ./arduinolib/utility/SdFile.o
                0x00002204                SdFile::remove(SdFile*, char const*)
 .text._ZN8SdVolume10cacheFlushEv
                0x0000225a       0x76 ./arduinolib/utility/SdVolume.o
                0x0000225a                SdVolume::cacheFlush()
 .text._ZN8SdVolume14cacheZeroBlockEm
                0x000022d0       0x46 ./arduinolib/utility/SdVolume.o
                0x000022d0                SdVolume::cacheZeroBlock(unsigned long)
 .text._ZN8SdVolume13cacheRawBlockEmh
                0x00002316       0x74 ./arduinolib/utility/SdVolume.o
                0x00002316                SdVolume::cacheRawBlock(unsigned long, unsigned char)
 .text._ZN8SdVolume4initEP7Sd2Cardh
                0x0000238a      0x286 ./arduinolib/utility/SdVolume.o
                0x0000238a                SdVolume::init(Sd2Card*, unsigned char)
 .text._ZN8SdVolume6fatPutEmm
                0x00002610      0x136 ./arduinolib/utility/SdVolume.o
                0x00002610                SdVolume::fatPut(unsigned long, unsigned long)
 .text._ZNK8SdVolume6fatGetEmPm
                0x00002746       0xe4 ./arduinolib/utility/SdVolume.o
                0x00002746                SdVolume::fatGet(unsigned long, unsigned long*) const
 .text._ZN8SdVolume9freeChainEm
                0x0000282a       0xae ./arduinolib/utility/SdVolume.o
                0x0000282a                SdVolume::freeChain(unsigned long)
 .text._ZNK8SdVolume9chainSizeEmPm
                0x000028d8       0xdc ./arduinolib/utility/SdVolume.o
                0x000028d8                SdVolume::chainSize(unsigned long, unsigned long*) const
 .text._ZN8SdVolume15allocContiguousEmPm
                0x000029b4      0x216 ./arduinolib/utility/SdVolume.o
                0x000029b4                SdVolume::allocContiguous(unsigned long, unsigned long*)
 .text._ZN11EEPROMClass4readEi
                0x00002bca        0xe ./arduinolib/EEPROM.o
                0x00002bca                EEPROMClass::read(int)
 .text._ZN11EEPROMClass5writeEih
                0x00002bd8       0x18 ./arduinolib/EEPROM.o
                0x00002bd8                EEPROMClass::write(int, unsigned char)
 .text._ZN4FileC1Ev
                0x00002bf0       0x26 ./arduinolib/File.o
                0x00002bf0                File::File()
 .text._ZN4FileD1Ev
                0x00002c16        0xc ./arduinolib/File.o
                0x00002c16                File::~File()
 .text._ZN4File5writeEh
                0x00002c22       0x30 ./arduinolib/File.o
                0x00002c22                File::write(unsigned char)
 .text._ZN4File9availableEv
                0x00002c52       0x48 ./arduinolib/File.o
                0x00002c52                File::available()
 .text._ZN4FilecvbEv
                0x00002c9a       0x1a ./arduinolib/File.o
                0x00002c9a                File::operator bool()
 .text._ZN4File5closeEv
                0x00002cb4       0x22 ./arduinolib/File.o
                0x00002cb4                File::close()
 .text._ZN4File5flushEv
                0x00002cd6       0x10 ./arduinolib/File.o
                0x00002cd6                File::flush()
 .text._ZN4File4readEv
                0x00002ce6       0x3c ./arduinolib/File.o
                0x00002ce6                File::read()
 .text._ZN4File4peekEv
                0x00002d22       0x78 ./arduinolib/File.o
                0x00002d22                File::peek()
 .text._ZN4File5writeEPKhj
                0x00002d9a       0x3a ./arduinolib/File.o
                0x00002d9a                File::write(unsigned char const*, unsigned int)
 .text._ZN4FileC1E6SdFilePKc
                0x00002dd4       0x70 ./arduinolib/File.o
                0x00002dd4                File::File(SdFile, char const*)
 .text._Z20getNextPathComponentPcPjS_
                0x00002e44       0x7a ./arduinolib/SD.o
                0x00002e44                getNextPathComponent(char*, unsigned int*, char*)
 .text._GLOBAL__I__Z20getNextPathComponentPcPjS_
                0x00002ebe       0x46 ./arduinolib/SD.o
 .text._Z19callback_pathExistsR6SdFilePchPv
                0x00002f04       0x62 ./arduinolib/SD.o
                0x00002f04                callback_pathExists(SdFile&, char*, unsigned char, void*)
 .text._Z8walkPathPcR6SdFilePFhS1_S_hPvES2_
                0x00002f66      0x11a ./arduinolib/SD.o
                0x00002f66                walkPath(char*, SdFile&, unsigned char (*)(SdFile&, char*, unsigned char, void*), void*)
 .text._ZN7SDClass6removeEPc
                0x00003080       0x14 ./arduinolib/SD.o
                0x00003080                SDClass::remove(char*)
 .text._ZN7SDClass6existsEPc
                0x00003094       0x14 ./arduinolib/SD.o
                0x00003094                SDClass::exists(char*)
 .text._ZN7SDClass12getParentDirEPKcPi
                0x000030a8      0x23a ./arduinolib/SD.o
                0x000030a8                SDClass::getParentDir(char const*, int*)
 .text._ZN7SDClass4openEPKch
                0x000032e2      0x244 ./arduinolib/SD.o
                0x000032e2                SDClass::open(char const*, unsigned char)
 .text._ZN7SDClass5beginEh
                0x00003526       0x70 ./arduinolib/SD.o
                0x00003526                SDClass::begin(unsigned char)
 .text._Z15callback_removeR6SdFilePchPv
                0x00003596        0xc ./arduinolib/SD.o
                0x00003596                callback_remove(SdFile&, char*, unsigned char, void*)
 .text._ZN8SPIClass3endEv
                0x000035a2        0x8 ./arduinolib/SPI.o
                0x000035a2                SPIClass::end()
 .text._ZN8SPIClass11setBitOrderEh
                0x000035aa       0x12 ./arduinolib/SPI.o
                0x000035aa                SPIClass::setBitOrder(unsigned char)
 .text._ZN8SPIClass11setDataModeEh
                0x000035bc        0xa ./arduinolib/SPI.o
                0x000035bc                SPIClass::setDataMode(unsigned char)
 .text._ZN8SPIClass5beginEv
                0x000035c6       0x24 ./arduinolib/SPI.o
                0x000035c6                SPIClass::begin()
 .text.avr-libc
                0x000035ea      0x26a C:\Dropbox\Work\Programming\Eclipseworkspace\ArduinoUnoCore\328P_16MHz\libArduinoUnoCore.a(malloc.o)
                0x000035ea                malloc
                0x00003724                free
 .text._Z11serialEventv
                0x00003854        0x2 C:\Dropbox\Work\Programming\Eclipseworkspace\ArduinoUnoCore\328P_16MHz\libArduinoUnoCore.a(HardwareSerial.o)
                0x00003854                serialEvent()
 .text.__vector_18
                0x00003856       0x76 C:\Dropbox\Work\Programming\Eclipseworkspace\ArduinoUnoCore\328P_16MHz\libArduinoUnoCore.a(HardwareSerial.o)
                0x00003856                __vector_18
 .text._Z14serialEventRunv
                0x000038cc       0x24 C:\Dropbox\Work\Programming\Eclipseworkspace\ArduinoUnoCore\328P_16MHz\libArduinoUnoCore.a(HardwareSerial.o)
                0x000038cc                serialEventRun()
 .text.__vector_19
                0x000038f0       0x76 C:\Dropbox\Work\Programming\Eclipseworkspace\ArduinoUnoCore\328P_16MHz\libArduinoUnoCore.a(HardwareSerial.o)
                0x000038f0                __vector_19
 .text._ZN14HardwareSerial5beginEmh
                0x00003966      0x116 C:\Dropbox\Work\Programming\Eclipseworkspace\ArduinoUnoCore\328P_16MHz\libArduinoUnoCore.a(HardwareSerial.o)
                0x00003966                HardwareSerial::begin(unsigned long, unsigned char)
 .text._ZN14HardwareSerial9availableEv
                0x00003a7c       0x22 C:\Dropbox\Work\Programming\Eclipseworkspace\ArduinoUnoCore\328P_16MHz\libArduinoUnoCore.a(HardwareSerial.o)
                0x00003a7c                HardwareSerial::available()
 .text._ZN14HardwareSerial4peekEv
                0x00003a9e       0x40 C:\Dropbox\Work\Programming\Eclipseworkspace\ArduinoUnoCore\328P_16MHz\libArduinoUnoCore.a(HardwareSerial.o)
                0x00003a9e                HardwareSerial::peek()
 .text._ZN14HardwareSerial4readEv
                0x00003ade       0x52 C:\Dropbox\Work\Programming\Eclipseworkspace\ArduinoUnoCore\328P_16MHz\libArduinoUnoCore.a(HardwareSerial.o)
                0x00003ade                HardwareSerial::read()
 .text._ZN14HardwareSerial5flushEv
                0x00003b30       0x20 C:\Dropbox\Work\Programming\Eclipseworkspace\ArduinoUnoCore\328P_16MHz\libArduinoUnoCore.a(HardwareSerial.o)
                0x00003b30                HardwareSerial::flush()
 .text._ZN14HardwareSerial5writeEh
                0x00003b50       0x80 C:\Dropbox\Work\Programming\Eclipseworkspace\ArduinoUnoCore\328P_16MHz\libArduinoUnoCore.a(HardwareSerial.o)
                0x00003b50                HardwareSerial::write(unsigned char)
 .text._ZN14HardwareSerialcvbEv
                0x00003bd0        0x4 C:\Dropbox\Work\Programming\Eclipseworkspace\ArduinoUnoCore\328P_16MHz\libArduinoUnoCore.a(HardwareSerial.o)
                0x00003bd0                HardwareSerial::operator bool()
 .text._GLOBAL__I_rx_buffer
                0x00003bd4       0xac C:\Dropbox\Work\Programming\Eclipseworkspace\ArduinoUnoCore\328P_16MHz\libArduinoUnoCore.a(HardwareSerial.o)
 .text._ZN5Print5writeEPKhj
                0x00003c80       0x54 C:\Dropbox\Work\Programming\Eclipseworkspace\ArduinoUnoCore\328P_16MHz\libArduinoUnoCore.a(Print.o)
                0x00003c80                Print::write(unsigned char const*, unsigned int)
 .text._ZN5Print7printlnEv
                0x00003cd4       0x40 C:\Dropbox\Work\Programming\Eclipseworkspace\ArduinoUnoCore\328P_16MHz\libArduinoUnoCore.a(Print.o)
                0x00003cd4                Print::println()
 .text._ZN5Print5writeEPKc
                0x00003d14       0x38 C:\Dropbox\Work\Programming\Eclipseworkspace\ArduinoUnoCore\328P_16MHz\libArduinoUnoCore.a(Print.o)
                0x00003d14                Print::write(char const*)
 .text._ZN5Print5printEPKc
                0x00003d4c        0x4 C:\Dropbox\Work\Programming\Eclipseworkspace\ArduinoUnoCore\328P_16MHz\libArduinoUnoCore.a(Print.o)
                0x00003d4c                Print::print(char const*)
 .text._ZN5Print7printlnEPKc
                0x00003d50       0x22 C:\Dropbox\Work\Programming\Eclipseworkspace\ArduinoUnoCore\328P_16MHz\libArduinoUnoCore.a(Print.o)
                0x00003d50                Print::println(char const*)
 .text.main     0x00003d72       0x1a C:\Dropbox\Work\Programming\Eclipseworkspace\ArduinoUnoCore\328P_16MHz\libArduinoUnoCore.a(main.o)
                0x00003d72                main
 .text.__vector_16
                0x00003d8c       0x90 C:\Dropbox\Work\Programming\Eclipseworkspace\ArduinoUnoCore\328P_16MHz\libArduinoUnoCore.a(wiring.o)
                0x00003d8c                __vector_16
 .text.millis   0x00003e1c       0x1c C:\Dropbox\Work\Programming\Eclipseworkspace\ArduinoUnoCore\328P_16MHz\libArduinoUnoCore.a(wiring.o)
                0x00003e1c                millis
 .text.delay    0x00003e38       0xb2 C:\Dropbox\Work\Programming\Eclipseworkspace\ArduinoUnoCore\328P_16MHz\libArduinoUnoCore.a(wiring.o)
                0x00003e38                delay
 .text.init     0x00003eea       0x76 C:\Dropbox\Work\Programming\Eclipseworkspace\ArduinoUnoCore\328P_16MHz\libArduinoUnoCore.a(wiring.o)
                0x00003eea                init
 .text.pinMode  0x00003f60       0x7e C:\Dropbox\Work\Programming\Eclipseworkspace\ArduinoUnoCore\328P_16MHz\libArduinoUnoCore.a(wiring_digital.o)
                0x00003f60                pinMode
 .text.digitalWrite
                0x00003fde       0xa8 C:\Dropbox\Work\Programming\Eclipseworkspace\ArduinoUnoCore\328P_16MHz\libArduinoUnoCore.a(wiring_digital.o)
                0x00003fde                digitalWrite
 .text.digitalRead
                0x00004086       0xa6 C:\Dropbox\Work\Programming\Eclipseworkspace\ArduinoUnoCore\328P_16MHz\libArduinoUnoCore.a(wiring_digital.o)
                0x00004086                digitalRead
 .text.libgcc   0x0000412c       0x3e c:/arduino/hardware/tools/avr/bin/../lib/gcc/avr/4.3.2/avr5\libgcc.a(_mulsi3.o)
                0x0000412c                __mulsi3
 .text.libgcc   0x0000416a       0x44 c:/arduino/hardware/tools/avr/bin/../lib/gcc/avr/4.3.2/avr5\libgcc.a(_udivmodsi4.o)
                0x0000416a                __udivmodsi4
 .text.libgcc   0x000041ae       0x38 c:/arduino/hardware/tools/avr/bin/../lib/gcc/avr/4.3.2/avr5\libgcc.a(_prologue.o)
                0x000041ae                __prologue_saves__
 .text.libgcc   0x000041e6       0x36 c:/arduino/hardware/tools/avr/bin/../lib/gcc/avr/4.3.2/avr5\libgcc.a(_epilogue.o)
                0x000041e6                __epilogue_restores__
 .text.libgcc   0x0000421c        0xc c:/arduino/hardware/tools/avr/bin/../lib/gcc/avr/4.3.2/avr5\libgcc.a(_tablejump.o)
                0x00004220                __tablejump__
                0x0000421c                __tablejump2__
                0x00004228                . = ALIGN (0x2)
 *(.fini9)
 .fini9         0x00004228        0x0 c:/arduino/hardware/tools/avr/bin/../lib/gcc/avr/4.3.2/avr5\libgcc.a(_exit.o)
                0x00004228                exit
                0x00004228                _exit
 *(.fini9)
 *(.fini8)
 *(.fini8)
 *(.fini7)
 *(.fini7)
 *(.fini6)
 .fini6         0x00004228       0x14 c:/arduino/hardware/tools/avr/bin/../lib/gcc/avr/4.3.2/avr5\libgcc.a(_dtors.o)
                0x00004228                __do_global_dtors
 *(.fini6)
 *(.fini5)
 *(.fini5)
 *(.fini4)
 *(.fini4)
 *(.fini3)
 *(.fini3)
 *(.fini2)
 *(.fini2)
 *(.fini1)
 *(.fini1)
 *(.fini0)
 .fini0         0x0000423c        0x4 c:/arduino/hardware/tools/avr/bin/../lib/gcc/avr/4.3.2/avr5\libgcc.a(_exit.o)
 *(.fini0)
                0x00004240                _etext = .

.data           0x00800100      0x15a load address 0x00004240
                0x00800100                PROVIDE (__data_start, .)
 *(.data)
 .data          0x00800100      0x126 ./src/WaterMeterMain.o
 .data          0x00800226        0x2 ./arduinolib/SD.o
 *(.data*)
 .data._ZN8SdVolume17cacheBlockNumber_E
                0x00800228        0x4 ./arduinolib/utility/SdVolume.o
                0x00800228                SdVolume::cacheBlockNumber_
 .data.__malloc_margin
                0x0080022c        0x2 C:\Dropbox\Work\Programming\Eclipseworkspace\ArduinoUnoCore\328P_16MHz\libArduinoUnoCore.a(malloc.o)
                0x0080022c                __malloc_margin
 .data.__malloc_heap_start
                0x0080022e        0x2 C:\Dropbox\Work\Programming\Eclipseworkspace\ArduinoUnoCore\328P_16MHz\libArduinoUnoCore.a(malloc.o)
                0x0080022e                __malloc_heap_start
 .data.__malloc_heap_end
                0x00800230        0x2 C:\Dropbox\Work\Programming\Eclipseworkspace\ArduinoUnoCore\328P_16MHz\libArduinoUnoCore.a(malloc.o)
                0x00800230                __malloc_heap_end
 *(.rodata)
 *(.rodata*)
 .rodata._ZTV6SdFile
                0x00800232        0x8 ./arduinolib/utility/SdFile.o
                0x00800232                vtable for SdFile
 .rodata._ZTV4File
                0x0080023a       0x10 ./arduinolib/File.o
                0x0080023a                vtable for File
 .rodata._ZTV14HardwareSerial
                0x0080024a       0x10 C:\Dropbox\Work\Programming\Eclipseworkspace\ArduinoUnoCore\328P_16MHz\libArduinoUnoCore.a(HardwareSerial.o)
                0x0080024a                vtable for HardwareSerial
 *(.gnu.linkonce.d*)
                0x0080025a                . = ALIGN (0x2)
                0x0080025a                _edata = .
                0x0080025a                PROVIDE (__data_end, .)

.bss            0x0080025a      0x330
                0x0080025a                PROVIDE (__bss_start, .)
 *(.bss)
 *(.bss*)
 .bss.logFile   0x0080025a       0x1b ./src/WaterMeterMain.o
                0x0080025a                logFile
 .bss.leak      0x00800275        0x1 ./src/WaterMeterMain.o
                0x00800275                leak
 .bss.SPIFunc   0x00800276        0x1 ./src/WaterMeterMain.o
                0x00800276                SPIFunc
 .bss.interruptNo
                0x00800277        0x1 ./src/WaterMeterMain.o
                0x00800277                interruptNo
 .bss._ZL13MessageBuffer
                0x00800278        0x8 ./src/WaterMeterMain.o
 .bss._ZN6SdFile9dateTime_E
                0x00800280        0x2 ./arduinolib/utility/SdFile.o
                0x00800280                SdFile::dateTime_
 .bss._ZN8SdVolume12cacheBuffer_E
                0x00800282      0x200 ./arduinolib/utility/SdVolume.o
                0x00800282                SdVolume::cacheBuffer_
 .bss._ZN8SdVolume7sdCard_E
                0x00800482        0x2 ./arduinolib/utility/SdVolume.o
                0x00800482                SdVolume::sdCard_
 .bss._ZN8SdVolume11cacheDirty_E
                0x00800484        0x1 ./arduinolib/utility/SdVolume.o
                0x00800484                SdVolume::cacheDirty_
 .bss._ZN8SdVolume17cacheMirrorBlock_E
                0x00800485        0x4 ./arduinolib/utility/SdVolume.o
                0x00800485                SdVolume::cacheMirrorBlock_
 .bss.EEPROM    0x00800489        0x1 ./arduinolib/EEPROM.o
                0x00800489                EEPROM
 .bss.SD        0x0080048a       0x49 ./arduinolib/SD.o
                0x0080048a                SD
 .bss.rx_buffer
                0x008004d3       0x44 C:\Dropbox\Work\Programming\Eclipseworkspace\ArduinoUnoCore\328P_16MHz\libArduinoUnoCore.a(HardwareSerial.o)
                0x008004d3                rx_buffer
 .bss.tx_buffer
                0x00800517       0x44 C:\Dropbox\Work\Programming\Eclipseworkspace\ArduinoUnoCore\328P_16MHz\libArduinoUnoCore.a(HardwareSerial.o)
                0x00800517                tx_buffer
 .bss.Serial    0x0080055b       0x22 C:\Dropbox\Work\Programming\Eclipseworkspace\ArduinoUnoCore\328P_16MHz\libArduinoUnoCore.a(HardwareSerial.o)
                0x0080055b                Serial
 .bss.timer0_overflow_count
                0x0080057d        0x4 C:\Dropbox\Work\Programming\Eclipseworkspace\ArduinoUnoCore\328P_16MHz\libArduinoUnoCore.a(wiring.o)
                0x0080057d                timer0_overflow_count
 .bss.timer0_millis
                0x00800581        0x4 C:\Dropbox\Work\Programming\Eclipseworkspace\ArduinoUnoCore\328P_16MHz\libArduinoUnoCore.a(wiring.o)
                0x00800581                timer0_millis
 .bss.timer0_fract
                0x00800585        0x1 C:\Dropbox\Work\Programming\Eclipseworkspace\ArduinoUnoCore\328P_16MHz\libArduinoUnoCore.a(wiring.o)
 *(COMMON)
 COMMON         0x00800586        0x4 C:\Dropbox\Work\Programming\Eclipseworkspace\ArduinoUnoCore\328P_16MHz\libArduinoUnoCore.a(malloc.o)
                0x00800586                __brkval
                0x00800588                __flp
                0x0080058a                PROVIDE (__bss_end, .)
                0x00004240                __data_load_start = LOADADDR (.data)
                0x0000439a                __data_load_end = (__data_load_start + SIZEOF (.data))

.noinit         0x0080058a        0x0
                0x0080058a                PROVIDE (__noinit_start, .)
 *(.noinit*)
                0x0080058a                PROVIDE (__noinit_end, .)
                0x0080058a                _end = .
                0x0080058a                PROVIDE (__heap_start, .)

.eeprom         0x00810000        0x0
 *(.eeprom*)
                0x00810000                __eeprom_end = .

.fuse
 *(.fuse)
 *(.lfuse)
 *(.hfuse)
 *(.efuse)

.lock
 *(.lock*)

.signature
 *(.signature*)

.stab           0x00000000     0xbd78
 *(.stab)
 .stab          0x00000000     0x1428 ./src/WaterMeterMain.o
 .stab          0x00001428      0x15c ./src/pure_virtual.o
                                0x198 (size before relaxing)
 .stab          0x00001584      0x420 ./lib/LowPower.o
                                0xb04 (size before relaxing)
 .stab          0x000019a4      0x510 ./lib/Time.o
                                0xffc (size before relaxing)
 .stab          0x00001eb4      0x7a4 ./lib/ds3234.o
                               0x1428 (size before relaxing)
 .stab          0x00002658     0x1518 ./arduinolib/utility/Sd2Card.o
                               0x1ad0 (size before relaxing)
 .stab          0x00003b70     0x168c ./arduinolib/utility/SdFile.o
                               0x2a00 (size before relaxing)
 .stab          0x000051fc     0x12a8 ./arduinolib/utility/SdVolume.o
                               0x12b4 (size before relaxing)
 .stab          0x000064a4      0x660 ./arduinolib/EEPROM.o
                                0x66c (size before relaxing)
 .stab          0x00006b04      0xac8 ./arduinolib/File.o
                               0x1440 (size before relaxing)
 .stab          0x000075cc      0xf30 ./arduinolib/SD.o
                               0x18e4 (size before relaxing)
 .stab          0x000084fc      0x678 ./arduinolib/SPI.o
                                0x6cc (size before relaxing)
 .stab          0x00008b74      0x708 C:\Dropbox\Work\Programming\Eclipseworkspace\ArduinoUnoCore\328P_16MHz\libArduinoUnoCore.a(malloc.o)
                                0x714 (size before relaxing)
 .stab          0x0000927c      0xab0 C:\Dropbox\Work\Programming\Eclipseworkspace\ArduinoUnoCore\328P_16MHz\libArduinoUnoCore.a(HardwareSerial.o)
                                0xf84 (size before relaxing)
 .stab          0x00009d2c      0x630 C:\Dropbox\Work\Programming\Eclipseworkspace\ArduinoUnoCore\328P_16MHz\libArduinoUnoCore.a(Print.o)
                               0x1020 (size before relaxing)
 .stab          0x0000a35c      0x3fc C:\Dropbox\Work\Programming\Eclipseworkspace\ArduinoUnoCore\328P_16MHz\libArduinoUnoCore.a(WString.o)
                               0x2214 (size before relaxing)
 .stab          0x0000a758      0x588 C:\Dropbox\Work\Programming\Eclipseworkspace\ArduinoUnoCore\328P_16MHz\libArduinoUnoCore.a(main.o)
                                0x594 (size before relaxing)
 .stab          0x0000ace0      0x78c C:\Dropbox\Work\Programming\Eclipseworkspace\ArduinoUnoCore\328P_16MHz\libArduinoUnoCore.a(wiring.o)
                                0xa74 (size before relaxing)
 .stab          0x0000b46c      0x7ec C:\Dropbox\Work\Programming\Eclipseworkspace\ArduinoUnoCore\328P_16MHz\libArduinoUnoCore.a(wiring_digital.o)
                                0xb1c (size before relaxing)
 .stab          0x0000bc58      0x120 C:\Dropbox\Work\Programming\Eclipseworkspace\ArduinoUnoCore\328P_16MHz\libArduinoUnoCore.a(realloc.o)
                                0x5ac (size before relaxing)

.stabstr        0x00000000     0xb50a
 *(.stabstr)
 .stabstr       0x00000000     0xb50a ./src/WaterMeterMain.o

.stab.excl
 *(.stab.excl)

.stab.exclstr
 *(.stab.exclstr)

.stab.index
 *(.stab.index)

.stab.indexstr
 *(.stab.indexstr)

.comment
 *(.comment)

.debug
 *(.debug)

.line
 *(.line)

.debug_srcinfo
 *(.debug_srcinfo)

.debug_sfnames
 *(.debug_sfnames)

.debug_aranges
 *(.debug_aranges)

.debug_pubnames
 *(.debug_pubnames)

.debug_info
 *(.debug_info)
 *(.gnu.linkonce.wi.*)

.debug_abbrev
 *(.debug_abbrev)

.debug_line
 *(.debug_line)

.debug_frame
 *(.debug_frame)

.debug_str
 *(.debug_str)

.debug_loc
 *(.debug_loc)

.debug_macinfo
 *(.debug_macinfo)
OUTPUT(ArduinoWaterMeter.elf elf32-avr)
LOAD linker stubs

Cross Reference Table

Symbol                                            File
DS3234_clear_a1f(unsigned char)                   ./lib/ds3234.o
DS3234_clear_a2f(unsigned char)                   ./lib/ds3234.o
DS3234_end()                                      ./lib/ds3234.o
                                                  ./src/WaterMeterMain.o
DS3234_get(unsigned char, ts*)                    ./lib/ds3234.o
                                                  ./src/WaterMeterMain.o
DS3234_get_a1(unsigned char, char*, unsigned char) ./lib/ds3234.o
DS3234_get_a2(unsigned char, char*, unsigned char) ./lib/ds3234.o
DS3234_get_addr(unsigned char, unsigned char)     ./lib/ds3234.o
DS3234_get_aging(unsigned char)                   ./lib/ds3234.o
DS3234_get_sram_8b(unsigned char, unsigned char)  ./lib/ds3234.o
DS3234_get_sreg(unsigned char)                    ./lib/ds3234.o
DS3234_get_treg(unsigned char)                    ./lib/ds3234.o
DS3234_init(unsigned char)                        ./lib/ds3234.o
                                                  ./src/WaterMeterMain.o
DS3234_set(unsigned char, ts)                     ./lib/ds3234.o
DS3234_set_a1(unsigned char, unsigned char, unsigned char, unsigned char, unsigned char, unsigned char const*) ./lib/ds3234.o
DS3234_set_a2(unsigned char, unsigned char, unsigned char, unsigned char, unsigned char const*) ./lib/ds3234.o
DS3234_set_addr(unsigned char, unsigned char, unsigned char) ./lib/ds3234.o
DS3234_set_aging(unsigned char, signed char)      ./lib/ds3234.o
DS3234_set_creg(unsigned char, unsigned char)     ./lib/ds3234.o
DS3234_set_sram_8b(unsigned char, unsigned char, unsigned char) ./lib/ds3234.o
DS3234_set_sreg(unsigned char, unsigned char)     ./lib/ds3234.o
DS3234_triggered_a1(unsigned char)                ./lib/ds3234.o
DS3234_triggered_a2(unsigned char)                ./lib/ds3234.o
EEPROM                                            ./arduinolib/EEPROM.o
                                                  ./src/WaterMeterMain.o
EEPROMClass::read(int)                            ./arduinolib/EEPROM.o
                                                  ./src/WaterMeterMain.o
EEPROMClass::write(int, unsigned char)            ./arduinolib/EEPROM.o
                                                  ./src/WaterMeterMain.o
File::File()                                      ./arduinolib/File.o
                                                  ./arduinolib/SD.o
                                                  ./src/WaterMeterMain.o
File::File()                                      ./arduinolib/File.o
File::File(SdFile, char const*)                   ./arduinolib/File.o
                                                  ./arduinolib/SD.o
File::File(SdFile, char const*)                   ./arduinolib/File.o
File::available()                                 ./arduinolib/File.o
File::close()                                     ./arduinolib/File.o
                                                  ./src/WaterMeterMain.o
File::flush()                                     ./arduinolib/File.o
File::isDirectory()                               ./arduinolib/File.o
                                                  ./arduinolib/SD.o
File::name()                                      ./arduinolib/File.o
File::openNextFile(unsigned char)                 ./arduinolib/SD.o
File::operator bool()                             ./arduinolib/File.o
                                                  ./src/WaterMeterMain.o
File::peek()                                      ./arduinolib/File.o
File::position()                                  ./arduinolib/File.o
File::read()                                      ./arduinolib/File.o
File::read(void*, unsigned int)                   ./arduinolib/File.o
File::rewindDirectory()                           ./arduinolib/SD.o
File::seek(unsigned long)                         ./arduinolib/File.o
File::size()                                      ./arduinolib/File.o
File::write(unsigned char const*, unsigned int)   ./arduinolib/File.o
File::write(unsigned char)                        ./arduinolib/File.o
File::~File()                                     ./arduinolib/File.o
File::~File()                                     ./arduinolib/File.o
                                                  ./src/WaterMeterMain.o
HardwareSerial::HardwareSerial(ring_buffer*, ring_buffer*, unsigned char volatile*, unsigned char volatile*, unsigned char volatile*, unsigned char volatile*, unsigned char volatile*, unsigned char volatile*, unsigned char, unsigned char, unsigned char, unsigned char, unsigned char) C:\Dropbox\Work\Programming\Eclipseworkspace\ArduinoUnoCore\328P_16MHz\libArduinoUnoCore.a(HardwareSerial.o)
HardwareSerial::HardwareSerial(ring_buffer*, ring_buffer*, unsigned char volatile*, unsigned char volatile*, unsigned char volatile*, unsigned char volatile*, unsigned char volatile*, unsigned char volatile*, unsigned char, unsigned char, unsigned char, unsigned char, unsigned char) C:\Dropbox\Work\Programming\Eclipseworkspace\ArduinoUnoCore\328P_16MHz\libArduinoUnoCore.a(HardwareSerial.o)
HardwareSerial::available()                       C:\Dropbox\Work\Programming\Eclipseworkspace\ArduinoUnoCore\328P_16MHz\libArduinoUnoCore.a(HardwareSerial.o)
                                                  ./src/WaterMeterMain.o
HardwareSerial::begin(unsigned long)              C:\Dropbox\Work\Programming\Eclipseworkspace\ArduinoUnoCore\328P_16MHz\libArduinoUnoCore.a(HardwareSerial.o)
HardwareSerial::begin(unsigned long, unsigned char) C:\Dropbox\Work\Programming\Eclipseworkspace\ArduinoUnoCore\328P_16MHz\libArduinoUnoCore.a(HardwareSerial.o)
                                                  ./src/WaterMeterMain.o
HardwareSerial::end()                             C:\Dropbox\Work\Programming\Eclipseworkspace\ArduinoUnoCore\328P_16MHz\libArduinoUnoCore.a(HardwareSerial.o)
HardwareSerial::flush()                           C:\Dropbox\Work\Programming\Eclipseworkspace\ArduinoUnoCore\328P_16MHz\libArduinoUnoCore.a(HardwareSerial.o)
                                                  ./src/WaterMeterMain.o
HardwareSerial::operator bool()                   C:\Dropbox\Work\Programming\Eclipseworkspace\ArduinoUnoCore\328P_16MHz\libArduinoUnoCore.a(HardwareSerial.o)
                                                  ./src/WaterMeterMain.o
HardwareSerial::peek()                            C:\Dropbox\Work\Programming\Eclipseworkspace\ArduinoUnoCore\328P_16MHz\libArduinoUnoCore.a(HardwareSerial.o)
HardwareSerial::read()                            C:\Dropbox\Work\Programming\Eclipseworkspace\ArduinoUnoCore\328P_16MHz\libArduinoUnoCore.a(HardwareSerial.o)
                                                  ./src/WaterMeterMain.o
HardwareSerial::write(unsigned char)              C:\Dropbox\Work\Programming\Eclipseworkspace\ArduinoUnoCore\328P_16MHz\libArduinoUnoCore.a(HardwareSerial.o)
                                                  ./arduinolib/utility/SdFile.o
LowPower                                          ./lib/LowPower.o
LowPowerClass::adcNoiseReduction(period_t, adc_t, timer2_t) ./lib/LowPower.o
LowPowerClass::idle(period_t, adc_t, timer2_t, timer1_t, timer0_t, spi_t, usart0_t, twi_t) ./lib/LowPower.o
LowPowerClass::powerDown(period_t, adc_t, bod_t)  ./lib/LowPower.o
LowPowerClass::powerExtStandby(period_t, adc_t, bod_t, timer2_t) ./lib/LowPower.o
LowPowerClass::powerSave(period_t, adc_t, bod_t, timer2_t) ./lib/LowPower.o
LowPowerClass::powerStandby(period_t, adc_t, bod_t) ./lib/LowPower.o
Print::print(Printable const&)                    C:\Dropbox\Work\Programming\Eclipseworkspace\ArduinoUnoCore\328P_16MHz\libArduinoUnoCore.a(Print.o)
Print::print(String const&)                       C:\Dropbox\Work\Programming\Eclipseworkspace\ArduinoUnoCore\328P_16MHz\libArduinoUnoCore.a(Print.o)
Print::print(__FlashStringHelper const*)          C:\Dropbox\Work\Programming\Eclipseworkspace\ArduinoUnoCore\328P_16MHz\libArduinoUnoCore.a(Print.o)
Print::print(char const*)                         C:\Dropbox\Work\Programming\Eclipseworkspace\ArduinoUnoCore\328P_16MHz\libArduinoUnoCore.a(Print.o)
                                                  ./arduinolib/utility/SdFile.o
                                                  ./src/WaterMeterMain.o
Print::print(char)                                C:\Dropbox\Work\Programming\Eclipseworkspace\ArduinoUnoCore\328P_16MHz\libArduinoUnoCore.a(Print.o)
                                                  ./arduinolib/utility/SdFile.o
Print::print(double, int)                         C:\Dropbox\Work\Programming\Eclipseworkspace\ArduinoUnoCore\328P_16MHz\libArduinoUnoCore.a(Print.o)
Print::print(int, int)                            C:\Dropbox\Work\Programming\Eclipseworkspace\ArduinoUnoCore\328P_16MHz\libArduinoUnoCore.a(Print.o)
Print::print(long, int)                           C:\Dropbox\Work\Programming\Eclipseworkspace\ArduinoUnoCore\328P_16MHz\libArduinoUnoCore.a(Print.o)
Print::print(unsigned char, int)                  C:\Dropbox\Work\Programming\Eclipseworkspace\ArduinoUnoCore\328P_16MHz\libArduinoUnoCore.a(Print.o)
Print::print(unsigned int, int)                   C:\Dropbox\Work\Programming\Eclipseworkspace\ArduinoUnoCore\328P_16MHz\libArduinoUnoCore.a(Print.o)
                                                  ./arduinolib/utility/SdFile.o
Print::print(unsigned long, int)                  C:\Dropbox\Work\Programming\Eclipseworkspace\ArduinoUnoCore\328P_16MHz\libArduinoUnoCore.a(Print.o)
                                                  ./arduinolib/utility/SdFile.o
Print::printFloat(double, unsigned char)          C:\Dropbox\Work\Programming\Eclipseworkspace\ArduinoUnoCore\328P_16MHz\libArduinoUnoCore.a(Print.o)
Print::printNumber(unsigned long, unsigned char)  C:\Dropbox\Work\Programming\Eclipseworkspace\ArduinoUnoCore\328P_16MHz\libArduinoUnoCore.a(Print.o)
Print::println()                                  C:\Dropbox\Work\Programming\Eclipseworkspace\ArduinoUnoCore\328P_16MHz\libArduinoUnoCore.a(Print.o)
                                                  ./arduinolib/utility/SdFile.o
Print::println(Printable const&)                  C:\Dropbox\Work\Programming\Eclipseworkspace\ArduinoUnoCore\328P_16MHz\libArduinoUnoCore.a(Print.o)
Print::println(String const&)                     C:\Dropbox\Work\Programming\Eclipseworkspace\ArduinoUnoCore\328P_16MHz\libArduinoUnoCore.a(Print.o)
Print::println(__FlashStringHelper const*)        C:\Dropbox\Work\Programming\Eclipseworkspace\ArduinoUnoCore\328P_16MHz\libArduinoUnoCore.a(Print.o)
Print::println(char const*)                       C:\Dropbox\Work\Programming\Eclipseworkspace\ArduinoUnoCore\328P_16MHz\libArduinoUnoCore.a(Print.o)
                                                  ./src/WaterMeterMain.o
Print::println(char)                              C:\Dropbox\Work\Programming\Eclipseworkspace\ArduinoUnoCore\328P_16MHz\libArduinoUnoCore.a(Print.o)
Print::println(double, int)                       C:\Dropbox\Work\Programming\Eclipseworkspace\ArduinoUnoCore\328P_16MHz\libArduinoUnoCore.a(Print.o)
Print::println(int, int)                          C:\Dropbox\Work\Programming\Eclipseworkspace\ArduinoUnoCore\328P_16MHz\libArduinoUnoCore.a(Print.o)
Print::println(long, int)                         C:\Dropbox\Work\Programming\Eclipseworkspace\ArduinoUnoCore\328P_16MHz\libArduinoUnoCore.a(Print.o)
Print::println(unsigned char, int)                C:\Dropbox\Work\Programming\Eclipseworkspace\ArduinoUnoCore\328P_16MHz\libArduinoUnoCore.a(Print.o)
Print::println(unsigned int, int)                 C:\Dropbox\Work\Programming\Eclipseworkspace\ArduinoUnoCore\328P_16MHz\libArduinoUnoCore.a(Print.o)
Print::println(unsigned long, int)                C:\Dropbox\Work\Programming\Eclipseworkspace\ArduinoUnoCore\328P_16MHz\libArduinoUnoCore.a(Print.o)
Print::write(char const*)                         C:\Dropbox\Work\Programming\Eclipseworkspace\ArduinoUnoCore\328P_16MHz\libArduinoUnoCore.a(Print.o)
Print::write(unsigned char const*, unsigned int)  C:\Dropbox\Work\Programming\Eclipseworkspace\ArduinoUnoCore\328P_16MHz\libArduinoUnoCore.a(Print.o)
                                                  C:\Dropbox\Work\Programming\Eclipseworkspace\ArduinoUnoCore\328P_16MHz\libArduinoUnoCore.a(HardwareSerial.o)
                                                  ./arduinolib/File.o
                                                  ./arduinolib/utility/SdFile.o
SD                                                ./arduinolib/SD.o
                                                  ./src/WaterMeterMain.o
SDClass::begin(unsigned char)                     ./arduinolib/SD.o
                                                  ./src/WaterMeterMain.o
SDClass::exists(char*)                            ./arduinolib/SD.o
                                                  ./src/WaterMeterMain.o
SDClass::getParentDir(char const*, int*)          ./arduinolib/SD.o
SDClass::mkdir(char*)                             ./arduinolib/SD.o
SDClass::open(char const*, unsigned char)         ./arduinolib/SD.o
                                                  ./src/WaterMeterMain.o
SDClass::remove(char*)                            ./arduinolib/SD.o
                                                  ./src/WaterMeterMain.o
SDClass::rmdir(char*)                             ./arduinolib/SD.o
SPI                                               ./arduinolib/SPI.o
SPIClass::begin()                                 ./arduinolib/SPI.o
                                                  ./lib/ds3234.o
SPIClass::end()                                   ./arduinolib/SPI.o
                                                  ./lib/ds3234.o
SPIClass::setBitOrder(unsigned char)              ./arduinolib/SPI.o
                                                  ./lib/ds3234.o
SPIClass::setClockDivider(unsigned char)          ./arduinolib/SPI.o
SPIClass::setDataMode(unsigned char)              ./arduinolib/SPI.o
                                                  ./lib/ds3234.o
SPIFunc                                           ./src/WaterMeterMain.o
Sd2Card::cardCommand(unsigned char, unsigned long) ./arduinolib/utility/Sd2Card.o
Sd2Card::cardSize()                               ./arduinolib/utility/Sd2Card.o
Sd2Card::chipSelectHigh()                         ./arduinolib/utility/Sd2Card.o
Sd2Card::chipSelectLow()                          ./arduinolib/utility/Sd2Card.o
Sd2Card::erase(unsigned long, unsigned long)      ./arduinolib/utility/Sd2Card.o
Sd2Card::eraseSingleBlockEnable()                 ./arduinolib/utility/Sd2Card.o
Sd2Card::init(unsigned char, unsigned char)       ./arduinolib/utility/Sd2Card.o
                                                  ./arduinolib/SD.o
Sd2Card::partialBlockRead(unsigned char)          ./arduinolib/utility/Sd2Card.o
Sd2Card::readBlock(unsigned long, unsigned char*) ./arduinolib/utility/Sd2Card.o
                                                  ./arduinolib/utility/SdVolume.o
Sd2Card::readData(unsigned long, unsigned int, unsigned int, unsigned char*) ./arduinolib/utility/Sd2Card.o
                                                  ./arduinolib/utility/SdFile.o
Sd2Card::readEnd()                                ./arduinolib/utility/Sd2Card.o
Sd2Card::readRegister(unsigned char, void*)       ./arduinolib/utility/Sd2Card.o
Sd2Card::setSckRate(unsigned char)                ./arduinolib/utility/Sd2Card.o
Sd2Card::waitNotBusy(unsigned int)                ./arduinolib/utility/Sd2Card.o
Sd2Card::waitStartBlock()                         ./arduinolib/utility/Sd2Card.o
Sd2Card::writeBlock(unsigned long, unsigned char const*) ./arduinolib/utility/Sd2Card.o
                                                  ./arduinolib/utility/SdVolume.o
                                                  ./arduinolib/utility/SdFile.o
Sd2Card::writeData(unsigned char const*)          ./arduinolib/utility/Sd2Card.o
Sd2Card::writeData(unsigned char, unsigned char const*) ./arduinolib/utility/Sd2Card.o
Sd2Card::writeStart(unsigned long, unsigned long) ./arduinolib/utility/Sd2Card.o
Sd2Card::writeStop()                              ./arduinolib/utility/Sd2Card.o
SdFile::addCluster()                              ./arduinolib/utility/SdFile.o
SdFile::addDirCluster()                           ./arduinolib/utility/SdFile.o
SdFile::cacheDirEntry(unsigned char)              ./arduinolib/utility/SdFile.o
SdFile::close()                                   ./arduinolib/utility/SdFile.o
                                                  ./arduinolib/SD.o
                                                  ./arduinolib/File.o
SdFile::contiguousRange(unsigned long*, unsigned long*) ./arduinolib/utility/SdFile.o
SdFile::createContiguous(SdFile*, char const*, unsigned long) ./arduinolib/utility/SdFile.o
SdFile::dateTime_                                 ./arduinolib/utility/SdFile.o
SdFile::dirEntry(directoryEntry*)                 ./arduinolib/utility/SdFile.o
SdFile::dirName(directoryEntry const&, char*)     ./arduinolib/utility/SdFile.o
                                                  ./arduinolib/SD.o
SdFile::ls(unsigned char, unsigned char)          ./arduinolib/utility/SdFile.o
SdFile::make83Name(char const*, unsigned char*)   ./arduinolib/utility/SdFile.o
SdFile::makeDir(SdFile*, char const*)             ./arduinolib/utility/SdFile.o
                                                  ./arduinolib/SD.o
SdFile::oldDateTime_                              ./arduinolib/utility/SdFile.o
SdFile::open(SdFile*, char const*, unsigned char) ./arduinolib/utility/SdFile.o
                                                  ./arduinolib/SD.o
SdFile::open(SdFile*, unsigned int, unsigned char) ./arduinolib/utility/SdFile.o
SdFile::openCachedEntry(unsigned char, unsigned char) ./arduinolib/utility/SdFile.o
SdFile::openRoot(SdVolume*)                       ./arduinolib/utility/SdFile.o
                                                  ./arduinolib/SD.o
SdFile::printDirName(directoryEntry const&, unsigned char) ./arduinolib/utility/SdFile.o
SdFile::printFatDate(unsigned int)                ./arduinolib/utility/SdFile.o
SdFile::printFatTime(unsigned int)                ./arduinolib/utility/SdFile.o
SdFile::printTwoDigits(unsigned char)             ./arduinolib/utility/SdFile.o
SdFile::read(void*, unsigned int)                 ./arduinolib/utility/SdFile.o
                                                  ./arduinolib/File.o
SdFile::readDir(directoryEntry*)                  ./arduinolib/utility/SdFile.o
                                                  ./arduinolib/SD.o
SdFile::readDirCache()                            ./arduinolib/utility/SdFile.o
SdFile::remove()                                  ./arduinolib/utility/SdFile.o
SdFile::remove(SdFile*, char const*)              ./arduinolib/utility/SdFile.o
                                                  ./arduinolib/SD.o
SdFile::rmDir()                                   ./arduinolib/utility/SdFile.o
                                                  ./arduinolib/SD.o
SdFile::rmRfStar()                                ./arduinolib/utility/SdFile.o
SdFile::seekSet(unsigned long)                    ./arduinolib/utility/SdFile.o
                                                  ./arduinolib/SD.o
                                                  ./arduinolib/File.o
SdFile::sync()                                    ./arduinolib/utility/SdFile.o
                                                  ./arduinolib/File.o
SdFile::timestamp(unsigned char, unsigned int, unsigned char, unsigned char, unsigned char, unsigned char, unsigned char) ./arduinolib/utility/SdFile.o
SdFile::truncate(unsigned long)                   ./arduinolib/utility/SdFile.o
SdFile::write(char const*)                        ./arduinolib/utility/SdFile.o
SdFile::write(unsigned char)                      ./arduinolib/utility/SdFile.o
SdFile::write(void const*, unsigned int)          ./arduinolib/utility/SdFile.o
                                                  ./arduinolib/File.o
SdFile::write_P(char const*)                      ./arduinolib/utility/SdFile.o
SdFile::writeln_P(char const*)                    ./arduinolib/utility/SdFile.o
SdVolume::allocContiguous(unsigned long, unsigned long*) ./arduinolib/utility/SdVolume.o
                                                  ./arduinolib/utility/SdFile.o
SdVolume::cacheBlockNumber_                       ./arduinolib/utility/SdVolume.o
                                                  ./arduinolib/utility/SdFile.o
SdVolume::cacheBuffer_                            ./arduinolib/utility/SdVolume.o
                                                  ./arduinolib/utility/SdFile.o
SdVolume::cacheDirty_                             ./arduinolib/utility/SdVolume.o
                                                  ./arduinolib/utility/SdFile.o
SdVolume::cacheFlush()                            ./arduinolib/utility/SdVolume.o
                                                  ./arduinolib/utility/SdFile.o
SdVolume::cacheMirrorBlock_                       ./arduinolib/utility/SdVolume.o
SdVolume::cacheRawBlock(unsigned long, unsigned char) ./arduinolib/utility/SdVolume.o
                                                  ./arduinolib/utility/SdFile.o
SdVolume::cacheZeroBlock(unsigned long)           ./arduinolib/utility/SdVolume.o
                                                  ./arduinolib/utility/SdFile.o
SdVolume::chainSize(unsigned long, unsigned long*) const ./arduinolib/utility/SdVolume.o
                                                  ./arduinolib/utility/SdFile.o
SdVolume::fatGet(unsigned long, unsigned long*) const ./arduinolib/utility/SdVolume.o
                                                  ./arduinolib/utility/SdFile.o
SdVolume::fatPut(unsigned long, unsigned long)    ./arduinolib/utility/SdVolume.o
                                                  ./arduinolib/utility/SdFile.o
SdVolume::freeChain(unsigned long)                ./arduinolib/utility/SdVolume.o
                                                  ./arduinolib/utility/SdFile.o
SdVolume::init(Sd2Card*, unsigned char)           ./arduinolib/utility/SdVolume.o
                                                  ./arduinolib/SD.o
SdVolume::sdCard_                                 ./arduinolib/utility/SdVolume.o
                                                  ./arduinolib/utility/SdFile.o
Serial                                            C:\Dropbox\Work\Programming\Eclipseworkspace\ArduinoUnoCore\328P_16MHz\libArduinoUnoCore.a(HardwareSerial.o)
                                                  ./arduinolib/utility/SdFile.o
                                                  ./src/WaterMeterMain.o
String::String(String const&)                     C:\Dropbox\Work\Programming\Eclipseworkspace\ArduinoUnoCore\328P_16MHz\libArduinoUnoCore.a(WString.o)
String::String(String const&)                     C:\Dropbox\Work\Programming\Eclipseworkspace\ArduinoUnoCore\328P_16MHz\libArduinoUnoCore.a(WString.o)
String::String(char const*)                       C:\Dropbox\Work\Programming\Eclipseworkspace\ArduinoUnoCore\328P_16MHz\libArduinoUnoCore.a(WString.o)
String::String(char const*)                       C:\Dropbox\Work\Programming\Eclipseworkspace\ArduinoUnoCore\328P_16MHz\libArduinoUnoCore.a(WString.o)
String::String(char)                              C:\Dropbox\Work\Programming\Eclipseworkspace\ArduinoUnoCore\328P_16MHz\libArduinoUnoCore.a(WString.o)
String::String(char)                              C:\Dropbox\Work\Programming\Eclipseworkspace\ArduinoUnoCore\328P_16MHz\libArduinoUnoCore.a(WString.o)
String::String(int, unsigned char)                C:\Dropbox\Work\Programming\Eclipseworkspace\ArduinoUnoCore\328P_16MHz\libArduinoUnoCore.a(WString.o)
String::String(int, unsigned char)                C:\Dropbox\Work\Programming\Eclipseworkspace\ArduinoUnoCore\328P_16MHz\libArduinoUnoCore.a(WString.o)
String::String(long, unsigned char)               C:\Dropbox\Work\Programming\Eclipseworkspace\ArduinoUnoCore\328P_16MHz\libArduinoUnoCore.a(WString.o)
String::String(long, unsigned char)               C:\Dropbox\Work\Programming\Eclipseworkspace\ArduinoUnoCore\328P_16MHz\libArduinoUnoCore.a(WString.o)
String::String(unsigned char, unsigned char)      C:\Dropbox\Work\Programming\Eclipseworkspace\ArduinoUnoCore\328P_16MHz\libArduinoUnoCore.a(WString.o)
String::String(unsigned char, unsigned char)      C:\Dropbox\Work\Programming\Eclipseworkspace\ArduinoUnoCore\328P_16MHz\libArduinoUnoCore.a(WString.o)
String::String(unsigned int, unsigned char)       C:\Dropbox\Work\Programming\Eclipseworkspace\ArduinoUnoCore\328P_16MHz\libArduinoUnoCore.a(WString.o)
String::String(unsigned int, unsigned char)       C:\Dropbox\Work\Programming\Eclipseworkspace\ArduinoUnoCore\328P_16MHz\libArduinoUnoCore.a(WString.o)
String::String(unsigned long, unsigned char)      C:\Dropbox\Work\Programming\Eclipseworkspace\ArduinoUnoCore\328P_16MHz\libArduinoUnoCore.a(WString.o)
String::String(unsigned long, unsigned char)      C:\Dropbox\Work\Programming\Eclipseworkspace\ArduinoUnoCore\328P_16MHz\libArduinoUnoCore.a(WString.o)
String::changeBuffer(unsigned int)                C:\Dropbox\Work\Programming\Eclipseworkspace\ArduinoUnoCore\328P_16MHz\libArduinoUnoCore.a(WString.o)
String::charAt(unsigned int) const                C:\Dropbox\Work\Programming\Eclipseworkspace\ArduinoUnoCore\328P_16MHz\libArduinoUnoCore.a(WString.o)
String::compareTo(String const&) const            C:\Dropbox\Work\Programming\Eclipseworkspace\ArduinoUnoCore\328P_16MHz\libArduinoUnoCore.a(WString.o)
String::concat(String const&)                     C:\Dropbox\Work\Programming\Eclipseworkspace\ArduinoUnoCore\328P_16MHz\libArduinoUnoCore.a(WString.o)
String::concat(char const*)                       C:\Dropbox\Work\Programming\Eclipseworkspace\ArduinoUnoCore\328P_16MHz\libArduinoUnoCore.a(WString.o)
String::concat(char const*, unsigned int)         C:\Dropbox\Work\Programming\Eclipseworkspace\ArduinoUnoCore\328P_16MHz\libArduinoUnoCore.a(WString.o)
String::concat(char)                              C:\Dropbox\Work\Programming\Eclipseworkspace\ArduinoUnoCore\328P_16MHz\libArduinoUnoCore.a(WString.o)
String::concat(int)                               C:\Dropbox\Work\Programming\Eclipseworkspace\ArduinoUnoCore\328P_16MHz\libArduinoUnoCore.a(WString.o)
String::concat(long)                              C:\Dropbox\Work\Programming\Eclipseworkspace\ArduinoUnoCore\328P_16MHz\libArduinoUnoCore.a(WString.o)
String::concat(unsigned char)                     C:\Dropbox\Work\Programming\Eclipseworkspace\ArduinoUnoCore\328P_16MHz\libArduinoUnoCore.a(WString.o)
String::concat(unsigned int)                      C:\Dropbox\Work\Programming\Eclipseworkspace\ArduinoUnoCore\328P_16MHz\libArduinoUnoCore.a(WString.o)
String::concat(unsigned long)                     C:\Dropbox\Work\Programming\Eclipseworkspace\ArduinoUnoCore\328P_16MHz\libArduinoUnoCore.a(WString.o)
String::copy(char const*, unsigned int)           C:\Dropbox\Work\Programming\Eclipseworkspace\ArduinoUnoCore\328P_16MHz\libArduinoUnoCore.a(WString.o)
String::endsWith(String const&) const             C:\Dropbox\Work\Programming\Eclipseworkspace\ArduinoUnoCore\328P_16MHz\libArduinoUnoCore.a(WString.o)
String::equals(String const&) const               C:\Dropbox\Work\Programming\Eclipseworkspace\ArduinoUnoCore\328P_16MHz\libArduinoUnoCore.a(WString.o)
String::equals(char const*) const                 C:\Dropbox\Work\Programming\Eclipseworkspace\ArduinoUnoCore\328P_16MHz\libArduinoUnoCore.a(WString.o)
String::equalsIgnoreCase(String const&) const     C:\Dropbox\Work\Programming\Eclipseworkspace\ArduinoUnoCore\328P_16MHz\libArduinoUnoCore.a(WString.o)
String::getBytes(unsigned char*, unsigned int, unsigned int) const C:\Dropbox\Work\Programming\Eclipseworkspace\ArduinoUnoCore\328P_16MHz\libArduinoUnoCore.a(WString.o)
String::indexOf(String const&) const              C:\Dropbox\Work\Programming\Eclipseworkspace\ArduinoUnoCore\328P_16MHz\libArduinoUnoCore.a(WString.o)
String::indexOf(String const&, unsigned int) const C:\Dropbox\Work\Programming\Eclipseworkspace\ArduinoUnoCore\328P_16MHz\libArduinoUnoCore.a(WString.o)
String::indexOf(char) const                       C:\Dropbox\Work\Programming\Eclipseworkspace\ArduinoUnoCore\328P_16MHz\libArduinoUnoCore.a(WString.o)
String::indexOf(char, unsigned int) const         C:\Dropbox\Work\Programming\Eclipseworkspace\ArduinoUnoCore\328P_16MHz\libArduinoUnoCore.a(WString.o)
String::invalidate()                              C:\Dropbox\Work\Programming\Eclipseworkspace\ArduinoUnoCore\328P_16MHz\libArduinoUnoCore.a(WString.o)
String::lastIndexOf(String const&) const          C:\Dropbox\Work\Programming\Eclipseworkspace\ArduinoUnoCore\328P_16MHz\libArduinoUnoCore.a(WString.o)
String::lastIndexOf(String const&, unsigned int) const C:\Dropbox\Work\Programming\Eclipseworkspace\ArduinoUnoCore\328P_16MHz\libArduinoUnoCore.a(WString.o)
String::lastIndexOf(char) const                   C:\Dropbox\Work\Programming\Eclipseworkspace\ArduinoUnoCore\328P_16MHz\libArduinoUnoCore.a(WString.o)
String::lastIndexOf(char, unsigned int) const     C:\Dropbox\Work\Programming\Eclipseworkspace\ArduinoUnoCore\328P_16MHz\libArduinoUnoCore.a(WString.o)
String::operator<(String const&) const            C:\Dropbox\Work\Programming\Eclipseworkspace\ArduinoUnoCore\328P_16MHz\libArduinoUnoCore.a(WString.o)
String::operator<=(String const&) const           C:\Dropbox\Work\Programming\Eclipseworkspace\ArduinoUnoCore\328P_16MHz\libArduinoUnoCore.a(WString.o)
String::operator=(String const&)                  C:\Dropbox\Work\Programming\Eclipseworkspace\ArduinoUnoCore\328P_16MHz\libArduinoUnoCore.a(WString.o)
String::operator=(char const*)                    C:\Dropbox\Work\Programming\Eclipseworkspace\ArduinoUnoCore\328P_16MHz\libArduinoUnoCore.a(WString.o)
String::operator>(String const&) const            C:\Dropbox\Work\Programming\Eclipseworkspace\ArduinoUnoCore\328P_16MHz\libArduinoUnoCore.a(WString.o)
String::operator>=(String const&) const           C:\Dropbox\Work\Programming\Eclipseworkspace\ArduinoUnoCore\328P_16MHz\libArduinoUnoCore.a(WString.o)
String::operator[](unsigned int)                  C:\Dropbox\Work\Programming\Eclipseworkspace\ArduinoUnoCore\328P_16MHz\libArduinoUnoCore.a(WString.o)
String::operator[](unsigned int) const            C:\Dropbox\Work\Programming\Eclipseworkspace\ArduinoUnoCore\328P_16MHz\libArduinoUnoCore.a(WString.o)
                                                  C:\Dropbox\Work\Programming\Eclipseworkspace\ArduinoUnoCore\328P_16MHz\libArduinoUnoCore.a(Print.o)
String::replace(String const&, String const&)     C:\Dropbox\Work\Programming\Eclipseworkspace\ArduinoUnoCore\328P_16MHz\libArduinoUnoCore.a(WString.o)
String::replace(char, char)                       C:\Dropbox\Work\Programming\Eclipseworkspace\ArduinoUnoCore\328P_16MHz\libArduinoUnoCore.a(WString.o)
String::reserve(unsigned int)                     C:\Dropbox\Work\Programming\Eclipseworkspace\ArduinoUnoCore\328P_16MHz\libArduinoUnoCore.a(WString.o)
String::setCharAt(unsigned int, char)             C:\Dropbox\Work\Programming\Eclipseworkspace\ArduinoUnoCore\328P_16MHz\libArduinoUnoCore.a(WString.o)
String::startsWith(String const&) const           C:\Dropbox\Work\Programming\Eclipseworkspace\ArduinoUnoCore\328P_16MHz\libArduinoUnoCore.a(WString.o)
String::startsWith(String const&, unsigned int) const C:\Dropbox\Work\Programming\Eclipseworkspace\ArduinoUnoCore\328P_16MHz\libArduinoUnoCore.a(WString.o)
String::substring(unsigned int) const             C:\Dropbox\Work\Programming\Eclipseworkspace\ArduinoUnoCore\328P_16MHz\libArduinoUnoCore.a(WString.o)
String::substring(unsigned int, unsigned int) const C:\Dropbox\Work\Programming\Eclipseworkspace\ArduinoUnoCore\328P_16MHz\libArduinoUnoCore.a(WString.o)
String::toInt() const                             C:\Dropbox\Work\Programming\Eclipseworkspace\ArduinoUnoCore\328P_16MHz\libArduinoUnoCore.a(WString.o)
String::toLowerCase()                             C:\Dropbox\Work\Programming\Eclipseworkspace\ArduinoUnoCore\328P_16MHz\libArduinoUnoCore.a(WString.o)
String::toUpperCase()                             C:\Dropbox\Work\Programming\Eclipseworkspace\ArduinoUnoCore\328P_16MHz\libArduinoUnoCore.a(WString.o)
String::trim()                                    C:\Dropbox\Work\Programming\Eclipseworkspace\ArduinoUnoCore\328P_16MHz\libArduinoUnoCore.a(WString.o)
String::~String()                                 C:\Dropbox\Work\Programming\Eclipseworkspace\ArduinoUnoCore\328P_16MHz\libArduinoUnoCore.a(WString.o)
String::~String()                                 C:\Dropbox\Work\Programming\Eclipseworkspace\ArduinoUnoCore\328P_16MHz\libArduinoUnoCore.a(WString.o)
__addsf3                                          c:/arduino/hardware/tools/avr/bin/../lib/gcc/avr/4.3.2/avr5\libgcc.a(_addsub_sf.o)
                                                  C:\Dropbox\Work\Programming\Eclipseworkspace\ArduinoUnoCore\328P_16MHz\libArduinoUnoCore.a(Print.o)
                                                  ./lib/ds3234.o
__bad_interrupt                                   c:/arduino/hardware/tools/avr/bin/../lib/gcc/avr/4.3.2/../../../../avr/lib/avr5/crtm328p.o
__brkval                                          C:\Dropbox\Work\Programming\Eclipseworkspace\ArduinoUnoCore\328P_16MHz\libArduinoUnoCore.a(realloc.o)
                                                  C:\Dropbox\Work\Programming\Eclipseworkspace\ArduinoUnoCore\328P_16MHz\libArduinoUnoCore.a(malloc.o)
__bss_end                                         c:/arduino/hardware/tools/avr/bin/../lib/gcc/avr/4.3.2/avr5\libgcc.a(_clear_bss.o)
__bss_start                                       c:/arduino/hardware/tools/avr/bin/../lib/gcc/avr/4.3.2/avr5\libgcc.a(_clear_bss.o)
__clz_tab                                         c:/arduino/hardware/tools/avr/bin/../lib/gcc/avr/4.3.2/avr5\libgcc.a(_clz.o)
                                                  c:/arduino/hardware/tools/avr/bin/../lib/gcc/avr/4.3.2/avr5\libgcc.a(_clzsi2.o)
__clzsi2                                          c:/arduino/hardware/tools/avr/bin/../lib/gcc/avr/4.3.2/avr5\libgcc.a(_clzsi2.o)
                                                  c:/arduino/hardware/tools/avr/bin/../lib/gcc/avr/4.3.2/avr5\libgcc.a(_usi_to_sf.o)
                                                  c:/arduino/hardware/tools/avr/bin/../lib/gcc/avr/4.3.2/avr5\libgcc.a(_si_to_sf.o)
__ctors_end                                       c:/arduino/hardware/tools/avr/bin/../lib/gcc/avr/4.3.2/avr5\libgcc.a(_ctors.o)
__ctors_start                                     c:/arduino/hardware/tools/avr/bin/../lib/gcc/avr/4.3.2/avr5\libgcc.a(_ctors.o)
__ctype_isfalse                                   c:/arduino/hardware/tools/avr/bin/../lib/gcc/avr/4.3.2/../../../../avr/lib/avr5\libc.a(cty_isfalse.o)
                                                  c:/arduino/hardware/tools/avr/bin/../lib/gcc/avr/4.3.2/../../../../avr/lib/avr5\libc.a(isspace.o)
__ctype_istrue                                    c:/arduino/hardware/tools/avr/bin/../lib/gcc/avr/4.3.2/../../../../avr/lib/avr5\libc.a(cty_isfalse.o)
__cxa_pure_virtual                                ./src/pure_virtual.o
                                                  C:\Dropbox\Work\Programming\Eclipseworkspace\ArduinoUnoCore\328P_16MHz\libArduinoUnoCore.a(Print.o)
                                                  C:\Dropbox\Work\Programming\Eclipseworkspace\ArduinoUnoCore\328P_16MHz\libArduinoUnoCore.a(HardwareSerial.o)
                                                  ./arduinolib/File.o
__data_end                                        c:/arduino/hardware/tools/avr/bin/../lib/gcc/avr/4.3.2/avr5\libgcc.a(_copy_data.o)
__data_load_start                                 c:/arduino/hardware/tools/avr/bin/../lib/gcc/avr/4.3.2/avr5\libgcc.a(_copy_data.o)
__data_start                                      c:/arduino/hardware/tools/avr/bin/../lib/gcc/avr/4.3.2/avr5\libgcc.a(_copy_data.o)
__divmodhi4                                       c:/arduino/hardware/tools/avr/bin/../lib/gcc/avr/4.3.2/avr5\libgcc.a(_divmodhi4.o)
                                                  ./lib/Time.o
__divsf3                                          c:/arduino/hardware/tools/avr/bin/../lib/gcc/avr/4.3.2/avr5\libgcc.a(_div_sf.o)
                                                  C:\Dropbox\Work\Programming\Eclipseworkspace\ArduinoUnoCore\328P_16MHz\libArduinoUnoCore.a(Print.o)
__do_clear_bss                                    c:/arduino/hardware/tools/avr/bin/../lib/gcc/avr/4.3.2/avr5\libgcc.a(_clear_bss.o)
                                                  c:/arduino/hardware/tools/avr/bin/../lib/gcc/avr/4.3.2/../../../../avr/lib/avr5\libc.a(fputc.o)
                                                  c:/arduino/hardware/tools/avr/bin/../lib/gcc/avr/4.3.2/../../../../avr/lib/avr5\libc.a(vfprintf_std.o)
                                                  c:/arduino/hardware/tools/avr/bin/../lib/gcc/avr/4.3.2/../../../../avr/lib/avr5\libc.a(sprintf.o)
                                                  c:/arduino/hardware/tools/avr/bin/../lib/gcc/avr/4.3.2/../../../../avr/lib/avr5\libc.a(snprintf.o)
                                                  c:/arduino/hardware/tools/avr/bin/../lib/gcc/avr/4.3.2/avr5\libgcc.a(_clz.o)
                                                  c:/arduino/hardware/tools/avr/bin/../lib/gcc/avr/4.3.2/avr5\libgcc.a(_fpcmp_parts_sf.o)
                                                  c:/arduino/hardware/tools/avr/bin/../lib/gcc/avr/4.3.2/avr5\libgcc.a(_unpack_sf.o)
                                                  c:/arduino/hardware/tools/avr/bin/../lib/gcc/avr/4.3.2/avr5\libgcc.a(_pack_sf.o)
                                                  c:/arduino/hardware/tools/avr/bin/../lib/gcc/avr/4.3.2/avr5\libgcc.a(_clzsi2.o)
                                                  c:/arduino/hardware/tools/avr/bin/../lib/gcc/avr/4.3.2/avr5\libgcc.a(_usi_to_sf.o)
                                                  c:/arduino/hardware/tools/avr/bin/../lib/gcc/avr/4.3.2/avr5\libgcc.a(_thenan_sf.o)
                                                  c:/arduino/hardware/tools/avr/bin/../lib/gcc/avr/4.3.2/avr5\libgcc.a(_sf_to_si.o)
                                                  c:/arduino/hardware/tools/avr/bin/../lib/gcc/avr/4.3.2/avr5\libgcc.a(_si_to_sf.o)
                                                  c:/arduino/hardware/tools/avr/bin/../lib/gcc/avr/4.3.2/avr5\libgcc.a(_unord_sf.o)
                                                  c:/arduino/hardware/tools/avr/bin/../lib/gcc/avr/4.3.2/avr5\libgcc.a(_le_sf.o)
                                                  c:/arduino/hardware/tools/avr/bin/../lib/gcc/avr/4.3.2/avr5\libgcc.a(_lt_sf.o)
                                                  c:/arduino/hardware/tools/avr/bin/../lib/gcc/avr/4.3.2/avr5\libgcc.a(_ge_sf.o)
                                                  c:/arduino/hardware/tools/avr/bin/../lib/gcc/avr/4.3.2/avr5\libgcc.a(_gt_sf.o)
                                                  c:/arduino/hardware/tools/avr/bin/../lib/gcc/avr/4.3.2/avr5\libgcc.a(_div_sf.o)
                                                  c:/arduino/hardware/tools/avr/bin/../lib/gcc/avr/4.3.2/avr5\libgcc.a(_mul_sf.o)
                                                  c:/arduino/hardware/tools/avr/bin/../lib/gcc/avr/4.3.2/avr5\libgcc.a(_addsub_sf.o)
                                                  c:/arduino/hardware/tools/avr/bin/../lib/gcc/avr/4.3.2/avr5\libgcc.a(_fixunssfsi.o)
                                                  C:\Dropbox\Work\Programming\Eclipseworkspace\ArduinoUnoCore\328P_16MHz\libArduinoUnoCore.a(realloc.o)
                                                  C:\Dropbox\Work\Programming\Eclipseworkspace\ArduinoUnoCore\328P_16MHz\libArduinoUnoCore.a(wiring_digital.o)
                                                  C:\Dropbox\Work\Programming\Eclipseworkspace\ArduinoUnoCore\328P_16MHz\libArduinoUnoCore.a(wiring.o)
                                                  C:\Dropbox\Work\Programming\Eclipseworkspace\ArduinoUnoCore\328P_16MHz\libArduinoUnoCore.a(main.o)
                                                  C:\Dropbox\Work\Programming\Eclipseworkspace\ArduinoUnoCore\328P_16MHz\libArduinoUnoCore.a(WString.o)
                                                  C:\Dropbox\Work\Programming\Eclipseworkspace\ArduinoUnoCore\328P_16MHz\libArduinoUnoCore.a(Print.o)
                                                  C:\Dropbox\Work\Programming\Eclipseworkspace\ArduinoUnoCore\328P_16MHz\libArduinoUnoCore.a(HardwareSerial.o)
                                                  C:\Dropbox\Work\Programming\Eclipseworkspace\ArduinoUnoCore\328P_16MHz\libArduinoUnoCore.a(malloc.o)
                                                  ./arduinolib/SPI.o
                                                  ./arduinolib/SD.o
                                                  ./arduinolib/File.o
                                                  ./arduinolib/EEPROM.o
                                                  ./arduinolib/utility/SdVolume.o
                                                  ./arduinolib/utility/SdFile.o
                                                  ./arduinolib/utility/Sd2Card.o
                                                  ./lib/ds3234.o
                                                  ./lib/Time.o
                                                  ./lib/LowPower.o
                                                  ./src/pure_virtual.o
                                                  ./src/WaterMeterMain.o
__do_copy_data                                    c:/arduino/hardware/tools/avr/bin/../lib/gcc/avr/4.3.2/avr5\libgcc.a(_copy_data.o)
                                                  c:/arduino/hardware/tools/avr/bin/../lib/gcc/avr/4.3.2/../../../../avr/lib/avr5\libc.a(fputc.o)
                                                  c:/arduino/hardware/tools/avr/bin/../lib/gcc/avr/4.3.2/../../../../avr/lib/avr5\libc.a(vfprintf_std.o)
                                                  c:/arduino/hardware/tools/avr/bin/../lib/gcc/avr/4.3.2/../../../../avr/lib/avr5\libc.a(sprintf.o)
                                                  c:/arduino/hardware/tools/avr/bin/../lib/gcc/avr/4.3.2/../../../../avr/lib/avr5\libc.a(snprintf.o)
                                                  c:/arduino/hardware/tools/avr/bin/../lib/gcc/avr/4.3.2/avr5\libgcc.a(_clz.o)
                                                  c:/arduino/hardware/tools/avr/bin/../lib/gcc/avr/4.3.2/avr5\libgcc.a(_fpcmp_parts_sf.o)
                                                  c:/arduino/hardware/tools/avr/bin/../lib/gcc/avr/4.3.2/avr5\libgcc.a(_unpack_sf.o)
                                                  c:/arduino/hardware/tools/avr/bin/../lib/gcc/avr/4.3.2/avr5\libgcc.a(_pack_sf.o)
                                                  c:/arduino/hardware/tools/avr/bin/../lib/gcc/avr/4.3.2/avr5\libgcc.a(_clzsi2.o)
                                                  c:/arduino/hardware/tools/avr/bin/../lib/gcc/avr/4.3.2/avr5\libgcc.a(_usi_to_sf.o)
                                                  c:/arduino/hardware/tools/avr/bin/../lib/gcc/avr/4.3.2/avr5\libgcc.a(_thenan_sf.o)
                                                  c:/arduino/hardware/tools/avr/bin/../lib/gcc/avr/4.3.2/avr5\libgcc.a(_sf_to_si.o)
                                                  c:/arduino/hardware/tools/avr/bin/../lib/gcc/avr/4.3.2/avr5\libgcc.a(_si_to_sf.o)
                                                  c:/arduino/hardware/tools/avr/bin/../lib/gcc/avr/4.3.2/avr5\libgcc.a(_unord_sf.o)
                                                  c:/arduino/hardware/tools/avr/bin/../lib/gcc/avr/4.3.2/avr5\libgcc.a(_le_sf.o)
                                                  c:/arduino/hardware/tools/avr/bin/../lib/gcc/avr/4.3.2/avr5\libgcc.a(_lt_sf.o)
                                                  c:/arduino/hardware/tools/avr/bin/../lib/gcc/avr/4.3.2/avr5\libgcc.a(_ge_sf.o)
                                                  c:/arduino/hardware/tools/avr/bin/../lib/gcc/avr/4.3.2/avr5\libgcc.a(_gt_sf.o)
                                                  c:/arduino/hardware/tools/avr/bin/../lib/gcc/avr/4.3.2/avr5\libgcc.a(_div_sf.o)
                                                  c:/arduino/hardware/tools/avr/bin/../lib/gcc/avr/4.3.2/avr5\libgcc.a(_mul_sf.o)
                                                  c:/arduino/hardware/tools/avr/bin/../lib/gcc/avr/4.3.2/avr5\libgcc.a(_addsub_sf.o)
                                                  c:/arduino/hardware/tools/avr/bin/../lib/gcc/avr/4.3.2/avr5\libgcc.a(_fixunssfsi.o)
                                                  C:\Dropbox\Work\Programming\Eclipseworkspace\ArduinoUnoCore\328P_16MHz\libArduinoUnoCore.a(realloc.o)
                                                  C:\Dropbox\Work\Programming\Eclipseworkspace\ArduinoUnoCore\328P_16MHz\libArduinoUnoCore.a(wiring_digital.o)
                                                  C:\Dropbox\Work\Programming\Eclipseworkspace\ArduinoUnoCore\328P_16MHz\libArduinoUnoCore.a(wiring.o)
                                                  C:\Dropbox\Work\Programming\Eclipseworkspace\ArduinoUnoCore\328P_16MHz\libArduinoUnoCore.a(main.o)
                                                  C:\Dropbox\Work\Programming\Eclipseworkspace\ArduinoUnoCore\328P_16MHz\libArduinoUnoCore.a(WString.o)
                                                  C:\Dropbox\Work\Programming\Eclipseworkspace\ArduinoUnoCore\328P_16MHz\libArduinoUnoCore.a(Print.o)
                                                  C:\Dropbox\Work\Programming\Eclipseworkspace\ArduinoUnoCore\328P_16MHz\libArduinoUnoCore.a(HardwareSerial.o)
                                                  C:\Dropbox\Work\Programming\Eclipseworkspace\ArduinoUnoCore\328P_16MHz\libArduinoUnoCore.a(malloc.o)
                                                  ./arduinolib/SPI.o
                                                  ./arduinolib/SD.o
                                                  ./arduinolib/File.o
                                                  ./arduinolib/EEPROM.o
                                                  ./arduinolib/utility/SdVolume.o
                                                  ./arduinolib/utility/SdFile.o
                                                  ./arduinolib/utility/Sd2Card.o
                                                  ./lib/ds3234.o
                                                  ./lib/Time.o
                                                  ./lib/LowPower.o
                                                  ./src/pure_virtual.o
                                                  ./src/WaterMeterMain.o
__do_global_ctors                                 c:/arduino/hardware/tools/avr/bin/../lib/gcc/avr/4.3.2/avr5\libgcc.a(_ctors.o)
                                                  C:\Dropbox\Work\Programming\Eclipseworkspace\ArduinoUnoCore\328P_16MHz\libArduinoUnoCore.a(HardwareSerial.o)
                                                  ./arduinolib/SD.o
                                                  ./src/WaterMeterMain.o
__do_global_dtors                                 c:/arduino/hardware/tools/avr/bin/../lib/gcc/avr/4.3.2/avr5\libgcc.a(_dtors.o)
                                                  ./src/WaterMeterMain.o
__dtors_end                                       c:/arduino/hardware/tools/avr/bin/../lib/gcc/avr/4.3.2/avr5\libgcc.a(_dtors.o)
__dtors_start                                     c:/arduino/hardware/tools/avr/bin/../lib/gcc/avr/4.3.2/avr5\libgcc.a(_dtors.o)
__epilogue_restores__                             c:/arduino/hardware/tools/avr/bin/../lib/gcc/avr/4.3.2/avr5\libgcc.a(_epilogue.o)
                                                  c:/arduino/hardware/tools/avr/bin/../lib/gcc/avr/4.3.2/../../../../avr/lib/avr5\libc.a(vfprintf_std.o)
                                                  c:/arduino/hardware/tools/avr/bin/../lib/gcc/avr/4.3.2/../../../../avr/lib/avr5\libc.a(sprintf.o)
                                                  c:/arduino/hardware/tools/avr/bin/../lib/gcc/avr/4.3.2/../../../../avr/lib/avr5\libc.a(snprintf.o)
                                                  c:/arduino/hardware/tools/avr/bin/../lib/gcc/avr/4.3.2/avr5\libgcc.a(_usi_to_sf.o)
                                                  c:/arduino/hardware/tools/avr/bin/../lib/gcc/avr/4.3.2/avr5\libgcc.a(_sf_to_si.o)
                                                  c:/arduino/hardware/tools/avr/bin/../lib/gcc/avr/4.3.2/avr5\libgcc.a(_si_to_sf.o)
                                                  c:/arduino/hardware/tools/avr/bin/../lib/gcc/avr/4.3.2/avr5\libgcc.a(_unord_sf.o)
                                                  c:/arduino/hardware/tools/avr/bin/../lib/gcc/avr/4.3.2/avr5\libgcc.a(_le_sf.o)
                                                  c:/arduino/hardware/tools/avr/bin/../lib/gcc/avr/4.3.2/avr5\libgcc.a(_lt_sf.o)
                                                  c:/arduino/hardware/tools/avr/bin/../lib/gcc/avr/4.3.2/avr5\libgcc.a(_ge_sf.o)
                                                  c:/arduino/hardware/tools/avr/bin/../lib/gcc/avr/4.3.2/avr5\libgcc.a(_gt_sf.o)
                                                  c:/arduino/hardware/tools/avr/bin/../lib/gcc/avr/4.3.2/avr5\libgcc.a(_div_sf.o)
                                                  c:/arduino/hardware/tools/avr/bin/../lib/gcc/avr/4.3.2/avr5\libgcc.a(_mul_sf.o)
                                                  c:/arduino/hardware/tools/avr/bin/../lib/gcc/avr/4.3.2/avr5\libgcc.a(_addsub_sf.o)
__fixsfsi                                         c:/arduino/hardware/tools/avr/bin/../lib/gcc/avr/4.3.2/avr5\libgcc.a(_sf_to_si.o)
                                                  c:/arduino/hardware/tools/avr/bin/../lib/gcc/avr/4.3.2/avr5\libgcc.a(_fixunssfsi.o)
                                                  C:\Dropbox\Work\Programming\Eclipseworkspace\ArduinoUnoCore\328P_16MHz\libArduinoUnoCore.a(Print.o)
__fixunssfsi                                      c:/arduino/hardware/tools/avr/bin/../lib/gcc/avr/4.3.2/avr5\libgcc.a(_fixunssfsi.o)
                                                  C:\Dropbox\Work\Programming\Eclipseworkspace\ArduinoUnoCore\328P_16MHz\libArduinoUnoCore.a(Print.o)
__floatsisf                                       c:/arduino/hardware/tools/avr/bin/../lib/gcc/avr/4.3.2/avr5\libgcc.a(_si_to_sf.o)
                                                  C:\Dropbox\Work\Programming\Eclipseworkspace\ArduinoUnoCore\328P_16MHz\libArduinoUnoCore.a(Print.o)
                                                  ./lib/ds3234.o
__floatunsisf                                     c:/arduino/hardware/tools/avr/bin/../lib/gcc/avr/4.3.2/avr5\libgcc.a(_usi_to_sf.o)
                                                  C:\Dropbox\Work\Programming\Eclipseworkspace\ArduinoUnoCore\328P_16MHz\libArduinoUnoCore.a(Print.o)
__flp                                             C:\Dropbox\Work\Programming\Eclipseworkspace\ArduinoUnoCore\328P_16MHz\libArduinoUnoCore.a(realloc.o)
                                                  C:\Dropbox\Work\Programming\Eclipseworkspace\ArduinoUnoCore\328P_16MHz\libArduinoUnoCore.a(malloc.o)
__fpcmp_parts_f                                   c:/arduino/hardware/tools/avr/bin/../lib/gcc/avr/4.3.2/avr5\libgcc.a(_fpcmp_parts_sf.o)
                                                  c:/arduino/hardware/tools/avr/bin/../lib/gcc/avr/4.3.2/avr5\libgcc.a(_le_sf.o)
                                                  c:/arduino/hardware/tools/avr/bin/../lib/gcc/avr/4.3.2/avr5\libgcc.a(_lt_sf.o)
                                                  c:/arduino/hardware/tools/avr/bin/../lib/gcc/avr/4.3.2/avr5\libgcc.a(_ge_sf.o)
                                                  c:/arduino/hardware/tools/avr/bin/../lib/gcc/avr/4.3.2/avr5\libgcc.a(_gt_sf.o)
__gesf2                                           c:/arduino/hardware/tools/avr/bin/../lib/gcc/avr/4.3.2/avr5\libgcc.a(_ge_sf.o)
                                                  c:/arduino/hardware/tools/avr/bin/../lib/gcc/avr/4.3.2/avr5\libgcc.a(_fixunssfsi.o)
__gtsf2                                           c:/arduino/hardware/tools/avr/bin/../lib/gcc/avr/4.3.2/avr5\libgcc.a(_gt_sf.o)
                                                  C:\Dropbox\Work\Programming\Eclipseworkspace\ArduinoUnoCore\328P_16MHz\libArduinoUnoCore.a(Print.o)
__heap_end                                        c:/arduino/hardware/tools/avr/bin/../lib/gcc/avr/4.3.2/../../../../avr/lib/avr5/crtm328p.o
                                                  C:\Dropbox\Work\Programming\Eclipseworkspace\ArduinoUnoCore\328P_16MHz\libArduinoUnoCore.a(malloc.o)
__heap_start                                      C:\Dropbox\Work\Programming\Eclipseworkspace\ArduinoUnoCore\328P_16MHz\libArduinoUnoCore.a(malloc.o)
__init                                            c:/arduino/hardware/tools/avr/bin/../lib/gcc/avr/4.3.2/../../../../avr/lib/avr5/crtm328p.o
__lesf2                                           c:/arduino/hardware/tools/avr/bin/../lib/gcc/avr/4.3.2/avr5\libgcc.a(_le_sf.o)
                                                  C:\Dropbox\Work\Programming\Eclipseworkspace\ArduinoUnoCore\328P_16MHz\libArduinoUnoCore.a(Print.o)
__ltsf2                                           c:/arduino/hardware/tools/avr/bin/../lib/gcc/avr/4.3.2/avr5\libgcc.a(_lt_sf.o)
                                                  C:\Dropbox\Work\Programming\Eclipseworkspace\ArduinoUnoCore\328P_16MHz\libArduinoUnoCore.a(Print.o)
__malloc_heap_end                                 C:\Dropbox\Work\Programming\Eclipseworkspace\ArduinoUnoCore\328P_16MHz\libArduinoUnoCore.a(malloc.o)
                                                  C:\Dropbox\Work\Programming\Eclipseworkspace\ArduinoUnoCore\328P_16MHz\libArduinoUnoCore.a(realloc.o)
__malloc_heap_start                               C:\Dropbox\Work\Programming\Eclipseworkspace\ArduinoUnoCore\328P_16MHz\libArduinoUnoCore.a(malloc.o)
__malloc_margin                                   C:\Dropbox\Work\Programming\Eclipseworkspace\ArduinoUnoCore\328P_16MHz\libArduinoUnoCore.a(malloc.o)
                                                  C:\Dropbox\Work\Programming\Eclipseworkspace\ArduinoUnoCore\328P_16MHz\libArduinoUnoCore.a(realloc.o)
__mulsf3                                          c:/arduino/hardware/tools/avr/bin/../lib/gcc/avr/4.3.2/avr5\libgcc.a(_mul_sf.o)
                                                  C:\Dropbox\Work\Programming\Eclipseworkspace\ArduinoUnoCore\328P_16MHz\libArduinoUnoCore.a(Print.o)
                                                  ./lib/ds3234.o
__mulsi3                                          c:/arduino/hardware/tools/avr/bin/../lib/gcc/avr/4.3.2/avr5\libgcc.a(_mulsi3.o)
                                                  C:\Dropbox\Work\Programming\Eclipseworkspace\ArduinoUnoCore\328P_16MHz\libArduinoUnoCore.a(Print.o)
                                                  ./arduinolib/utility/SdVolume.o
                                                  ./lib/Time.o
__mulsi_const_10                                  c:/arduino/hardware/tools/avr/bin/../lib/gcc/avr/4.3.2/../../../../avr/lib/avr5\libc.a(mulsi10.o)
                                                  c:/arduino/hardware/tools/avr/bin/../lib/gcc/avr/4.3.2/../../../../avr/lib/avr5\libc.a(atol.o)
__pack_f                                          c:/arduino/hardware/tools/avr/bin/../lib/gcc/avr/4.3.2/avr5\libgcc.a(_pack_sf.o)
                                                  c:/arduino/hardware/tools/avr/bin/../lib/gcc/avr/4.3.2/avr5\libgcc.a(_usi_to_sf.o)
                                                  c:/arduino/hardware/tools/avr/bin/../lib/gcc/avr/4.3.2/avr5\libgcc.a(_si_to_sf.o)
                                                  c:/arduino/hardware/tools/avr/bin/../lib/gcc/avr/4.3.2/avr5\libgcc.a(_div_sf.o)
                                                  c:/arduino/hardware/tools/avr/bin/../lib/gcc/avr/4.3.2/avr5\libgcc.a(_mul_sf.o)